BL51 BANKED LINKER/LOCATER V6.22                                                        06/17/2025  19:36:53  PAGE 1


BL51 BANKED LINKER/LOCATER V6.22, INVOKED BY:
D:\KEILC51\C51\BIN\BL51.EXE .\Obj\main.obj, .\Obj\modbus.obj, .\Obj\delay.obj, .\Obj\comm1.obj, .\Obj\mem.obj, .\Obj\com
>> m2.obj, .\Obj\dac7311.obj, .\Obj\modbusCRC.obj, .\Obj\measure.obj, .\Obj\debug.obj, .\Obj\drive.obj, .\Obj\timer0.obj
>> , .\Obj\uart3.obj, .\Obj\io.obj, .\Obj\adc.obj, .\Obj\uart1.obj TO .\Obj\PowerCtrl PRINT (.\PowerCtrl.m51) RAMSIZE (2
>> 56)


MEMORY MODEL: LARGE WITH FLOATING POINT ARITHMETIC


INPUT MODULES INCLUDED:
  .\Obj\main.obj (MAIN)
  .\Obj\modbus.obj (MODBUS)
  .\Obj\delay.obj (DELAY)
  .\Obj\comm1.obj (COMM1)
  .\Obj\mem.obj (MEM)
  .\Obj\comm2.obj (COMM2)
  .\Obj\dac7311.obj (DAC7311)
  .\Obj\modbusCRC.obj (MODBUSCRC)
  .\Obj\measure.obj (MEASURE)
  .\Obj\debug.obj (DEBUG)
  .\Obj\drive.obj (DRIVE)
  .\Obj\timer0.obj (TIMER0)
  .\Obj\uart3.obj (UART3)
  .\Obj\io.obj (IO)
  .\Obj\adc.obj (ADC)
  .\Obj\uart1.obj (UART1)
  D:\KEILC51\C51\LIB\C51FPL.LIB (?C?FPMUL)
  D:\KEILC51\C51\LIB\C51FPL.LIB (?C?FPDIV)
  D:\KEILC51\C51\LIB\C51FPL.LIB (?C?FCAST)
  D:\KEILC51\C51\LIB\C51FPL.LIB (?C?CASTF)
  D:\KEILC51\C51\LIB\C51FPL.LIB (?C?FPGETOPN)
  D:\KEILC51\C51\LIB\C51L.LIB (?C_STARTUP)
  D:\KEILC51\C51\LIB\C51L.LIB (?C?CLDPTR)
  D:\KEILC51\C51\LIB\C51L.LIB (?C?CLDOPTR)
  D:\KEILC51\C51\LIB\C51L.LIB (?C?CSTPTR)
  D:\KEILC51\C51\LIB\C51L.LIB (?C?CSTOPTR)
  D:\KEILC51\C51\LIB\C51L.LIB (?C?IILDX)
  D:\KEILC51\C51\LIB\C51L.LIB (?C?ULDIV)
  D:\KEILC51\C51\LIB\C51L.LIB (?C?LNEG)
  D:\KEILC51\C51\LIB\C51L.LIB (?C?LSTXDATA)
  D:\KEILC51\C51\LIB\C51L.LIB (?C?LSTKXDATA)
  D:\KEILC51\C51\LIB\C51L.LIB (?C?ICALL)
  D:\KEILC51\C51\LIB\C51L.LIB (?C_INIT)


LINK MAP OF MODULE:  .\Obj\PowerCtrl (MAIN)


            TYPE    BASE      LENGTH    RELOCATION   SEGMENT NAME
            -----------------------------------------------------

            * * * * * * *   D A T A   M E M O R Y   * * * * * * *
            REG     0000H     0008H     ABSOLUTE     "REG BANK 0"
            IDATA   0008H     0001H     UNIT         ?STACK

            * * * * * * *  X D A T A   M E M O R Y  * * * * * * *
            XDATA   0000H     0200H     UNIT         ?XD?MODBUSCRC
BL51 BANKED LINKER/LOCATER V6.22                                                      06/17/2025  19:36:53  PAGE 2


            XDATA   0200H     00CEH     UNIT         ?XD?COMM1
            XDATA   02CEH     00CEH     UNIT         ?XD?COMM2
            XDATA   039CH     00C8H     UNIT         ?XD?MODBUS
            XDATA   0464H     0026H     UNIT         ?XD?MEASURE
            XDATA   048AH     0018H     UNIT         _XDATA_GROUP_
            XDATA   04A2H     0017H     UNIT         ?XD?MAIN
            XDATA   04B9H     0010H     UNIT         ?XD?ADC
            XDATA   04C9H     0006H     UNIT         ?XD?UART3
            XDATA   04CFH     0006H     UNIT         ?XD?UART1
            XDATA   04D5H     0003H     UNIT         ?XD?TIMER0

            * * * * * * *   C O D E   M E M O R Y   * * * * * * *
            CODE    0000H     0003H     ABSOLUTE     
            CODE    0003H     0007H     UNIT         ?PR?MEASURETICK?MEASURE
                    000AH     0001H                  *** GAP ***
            CODE    000BH     0003H     ABSOLUTE     
            CODE    000EH     0014H     UNIT         ?PR?COMM1STRUCTINIT?COMM1
                    0022H     0001H                  *** GAP ***
            CODE    0023H     0003H     ABSOLUTE     
            CODE    0026H     0004H     UNIT         ?PR?ENABLEXDATA?DRIVE
                    002AH     0001H                  *** GAP ***
            CODE    002BH     0003H     ABSOLUTE     
            CODE    002EH     005CH     UNIT         ?PR?_CONTROLOUTVOL?MODBUS
                    008AH     0001H                  *** GAP ***
            CODE    008BH     0003H     ABSOLUTE     
            CODE    008EH     0414H     UNIT         ?C?LIB_CODE
            CODE    04A2H     032CH     UNIT         ?C_INITSEG
            CODE    07CEH     013BH     UNIT         ?PR?MEASUREALLVAL?MEASURE
            CODE    0909H     0127H     UNIT         ?PR?_MODBUSDECODE?MODBUS
            CODE    0A30H     00F6H     UNIT         ?PR?_PUSHRUNINFO?MODBUS
            CODE    0B26H     00BAH     UNIT         ?PR?_UART1_CONFIG?UART1
            CODE    0BE0H     00A8H     UNIT         ?PR?_UART3_CONFIG?UART3
            CODE    0C88H     0092H     UNIT         ?PR?MAIN?MAIN
            CODE    0D1AH     008CH     UNIT         ?C_C51STARTUP
            CODE    0DA6H     008AH     UNIT         ?PR?_CHECKARRAY?MODBUSCRC
            CODE    0E30H     0083H     UNIT         ?PR?_ARRAYADDCHECK?MODBUSCRC
            CODE    0EB3H     0082H     UNIT         ?PR?_MODBUS_CALCRC16?MODBUSCRC
            CODE    0F35H     0076H     UNIT         ?PR?_COMM1SENDDATA?COMM1
            CODE    0FABH     0076H     UNIT         ?PR?_COMM2SENDDATA?COMM2
            CODE    1021H     0066H     UNIT         ?PR?_TIMER0_INIT?TIMER0
            CODE    1087H     0065H     UNIT         ?PR?UART3_INT?UART3
            CODE    10ECH     0065H     UNIT         ?PR?UART1_INT?UART1
            CODE    1151H     0060H     UNIT         ?PR?ADC_INT?ADC
            CODE    11B1H     005CH     UNIT         ?PR?_COMM1GETRECDATA?COMM1
            CODE    120DH     005CH     UNIT         ?PR?_COMM2GETRECDATA?COMM2
            CODE    1269H     005CH     UNIT         ?PR?_WRITEDAC?DAC7311
            CODE    12C5H     005BH     UNIT         ?PR?_MEMCOPY?MEM
            CODE    1320H     0054H     UNIT         ?PR?_PUSHSOFEWAREVER?MODBUS
            CODE    1374H     0053H     UNIT         ?PR?MODBUSSERVICE?MODBUS
            CODE    13C7H     0046H     UNIT         ?PR?TIMER0_INTSERVICE?MAIN
            CODE    140DH     0044H     UNIT         ?PR?TIMER0_INT?TIMER0
            CODE    1451H     003AH     UNIT         ?PR?_COMM1RECONEDATA?COMM1
            CODE    148BH     003AH     UNIT         ?PR?_COMM2RECONEDATA?COMM2
            CODE    14C5H     002BH     UNIT         ?PR?GPIO_INIT?IO
            CODE    14F0H     0029H     UNIT         ?PR?MEASUREINIT?MEASURE
            CODE    1519H     0027H     UNIT         ?PR?COMM1SENDONEDATAOK?COMM1
            CODE    1540H     0027H     UNIT         ?PR?COMM2SENDONEDATAOK?COMM2
BL51 BANKED LINKER/LOCATER V6.22                                                      06/17/2025  19:36:53  PAGE 3


            CODE    1567H     0025H     UNIT         ?PR?COMM1TICK?COMM1
            CODE    158CH     0025H     UNIT         ?PR?COMM2TICK?COMM2
            CODE    15B1H     0022H     UNIT         ?PR?_GPIO_OUTHIGH?IO
            CODE    15D3H     0022H     UNIT         ?PR?_GPIO_OUTLOW?IO
            CODE    15F5H     0022H     UNIT         ?PR?ADC_INIT?ADC
            CODE    1617H     001DH     UNIT         ?PR?_GPIO_GETIN?IO
            CODE    1634H     001DH     UNIT         ?PR?_ADC_GETRESULT?ADC
            CODE    1651H     001CH     UNIT         ?PR?_MEASUREGETANALOG?MEASURE
            CODE    166DH     0014H     UNIT         ?PR?COMM2STRUCTINIT?COMM2
            CODE    1681H     000FH     UNIT         ?PR?MEASURETASK?MEASURE
            CODE    1690H     0006H     UNIT         ?PR?MEASUREGETTEMPALARM?MEASURE
            CODE    1696H     0006H     UNIT         ?PR?MEASUREGETDACEN?MEASURE
            CODE    169CH     0004H     UNIT         ?PR?DISABLEXDATA?DRIVE
            CODE    16A0H     0003H     UNIT         ?PR?_COMM1SENDONEDATA?COMM1
            CODE    16A3H     0003H     UNIT         ?PR?COMM1INIT?COMM1
            CODE    16A6H     0003H     UNIT         ?PR?_COMM2SENDONEDATA?COMM2
            CODE    16A9H     0003H     UNIT         ?PR?COMM2INIT?COMM2
            CODE    16ACH     0003H     UNIT         ?PR?_PRINTFARRAY?DEBUG
            CODE    16AFH     0003H     UNIT         ?PR?DRIVEINIT?DRIVE
            CODE    16B2H     0003H     UNIT         ?PR?ENABLEINT?DRIVE
            CODE    16B5H     0003H     UNIT         ?PR?_UART3_SENDONEDATA?UART3
            CODE    16B8H     0003H     UNIT         ?PR?_UART1_SENDONEDATA?UART1



OVERLAY MAP OF MODULE:   .\Obj\PowerCtrl (MAIN)


SEGMENT                                   XDATA_GROUP
  +--> CALLED SEGMENT                   START    LENGTH
-------------------------------------------------------
?C_C51STARTUP                           -----    -----
  +--> ?PR?MAIN?MAIN
  +--> ?C_INITSEG

?PR?MAIN?MAIN                           048AH    0001H
  +--> ?PR?DRIVEINIT?DRIVE
  +--> ?PR?ENABLEINT?DRIVE
  +--> ?PR?TIMER0_INTSERVICE?MAIN
  +--> ?PR?_TIMER0_INIT?TIMER0
  +--> ?PR?_COMM1RECONEDATA?COMM1
  +--> ?PR?COMM1SENDONEDATAOK?COMM1
  +--> ?PR?_UART3_CONFIG?UART3
  +--> ?PR?_COMM2RECONEDATA?COMM2
  +--> ?PR?COMM2SENDONEDATAOK?COMM2
  +--> ?PR?_UART1_CONFIG?UART1
  +--> ?PR?COMM1INIT?COMM1
  +--> ?PR?COMM2INIT?COMM2
  +--> ?PR?ADC_INIT?ADC
  +--> ?PR?MEASUREINIT?MEASURE
  +--> ?PR?MEASURETASK?MEASURE
  +--> ?PR?MODBUSSERVICE?MODBUS
  +--> ?PR?_COMM2GETRECDATA?COMM2
  +--> ?PR?_COMM2SENDDATA?COMM2

?PR?DRIVEINIT?DRIVE                     -----    -----
  +--> ?PR?GPIO_INIT?IO
BL51 BANKED LINKER/LOCATER V6.22                                                      06/17/2025  19:36:53  PAGE 4



?PR?TIMER0_INTSERVICE?MAIN              -----    -----
  +--> ?PR?COMM1TICK?COMM1
  +--> ?PR?COMM2TICK?COMM2
  +--> ?PR?MEASURETICK?MEASURE
  +--> ?PR?_GPIO_OUTHIGH?IO
  +--> ?PR?_GPIO_OUTLOW?IO

?PR?_TIMER0_INIT?TIMER0                 048BH    0005H

?PR?COMM1SENDONEDATAOK?COMM1            -----    -----
  +--> ?PR?_COMM1SENDONEDATA?COMM1

?PR?_COMM1SENDONEDATA?COMM1             -----    -----
  +--> ?PR?_UART3_SENDONEDATA?UART3

?PR?_UART3_CONFIG?UART3                 048BH    000EH

?PR?COMM2SENDONEDATAOK?COMM2            -----    -----
  +--> ?PR?_COMM2SENDONEDATA?COMM2

?PR?_COMM2SENDONEDATA?COMM2             -----    -----
  +--> ?PR?_UART1_SENDONEDATA?UART1

?PR?_UART1_CONFIG?UART1                 048BH    000EH

?PR?COMM1INIT?COMM1                     -----    -----
  +--> ?PR?COMM1STRUCTINIT?COMM1

?PR?COMM2INIT?COMM2                     -----    -----
  +--> ?PR?COMM2STRUCTINIT?COMM2

?PR?ADC_INIT?ADC                        -----    -----
  +--> ?PR?ENABLEXDATA?DRIVE
  +--> ?PR?DISABLEXDATA?DRIVE

?PR?MEASURETASK?MEASURE                 -----    -----
  +--> ?PR?MEASUREALLVAL?MEASURE

?PR?MEASUREALLVAL?MEASURE               048BH    0010H
  +--> ?PR?_GPIO_GETIN?IO
  +--> ?PR?_ADC_GETRESULT?ADC

?PR?MODBUSSERVICE?MODBUS                048BH    0001H
  +--> ?PR?_COMM1GETRECDATA?COMM1
  +--> ?PR?_PRINTFARRAY?DEBUG
  +--> ?PR?_CHECKARRAY?MODBUSCRC
  +--> ?PR?_MODBUSDECODE?MODBUS

?PR?_COMM1GETRECDATA?COMM1              048CH    0006H
  +--> ?PR?_MEMCOPY?MEM

?PR?_MEMCOPY?MEM                        0499H    0008H

?PR?_PRINTFARRAY?DEBUG                  -----    -----
  +--> ?PR?_COMM2SENDDATA?COMM2

BL51 BANKED LINKER/LOCATER V6.22                                                      06/17/2025  19:36:53  PAGE 5


?PR?_COMM2SENDDATA?COMM2                048CH    0004H
  +--> ?PR?_MEMCOPY?MEM
  +--> ?PR?_COMM2SENDONEDATA?COMM2

?PR?_CHECKARRAY?MODBUSCRC               048CH    0006H
  +--> ?PR?_MODBUS_CALCRC16?MODBUSCRC

?PR?_MODBUS_CALCRC16?MODBUSCRC          049BH    0007H

?PR?_MODBUSDECODE?MODBUS                048CH    0009H
  +--> ?PR?_PUSHRUNINFO?MODBUS
  +--> ?PR?_PUSHSOFEWAREVER?MODBUS
  +--> ?PR?_CONTROLOUTVOL?MODBUS
  +--> ?PR?MEASUREGETDACEN?MEASURE
  +--> ?PR?_WRITEDAC?DAC7311
  +--> ?PR?_ARRAYADDCHECK?MODBUSCRC
  +--> ?PR?_COMM1SENDDATA?COMM1

?PR?_PUSHRUNINFO?MODBUS                 0495H    000AH
  +--> ?PR?MEASUREGETTEMPALARM?MEASURE
  +--> ?PR?_MEASUREGETANALOG?MEASURE

?PR?_PUSHSOFEWAREVER?MODBUS             0495H    0006H

?PR?_CONTROLOUTVOL?MODBUS               0495H    0006H

?PR?_WRITEDAC?DAC7311                   0495H    0003H
  +--> ?PR?_GPIO_OUTHIGH?IO
  +--> ?PR?_GPIO_OUTLOW?IO

?PR?_ARRAYADDCHECK?MODBUSCRC            0495H    0006H
  +--> ?PR?_MODBUS_CALCRC16?MODBUSCRC

?PR?_COMM1SENDDATA?COMM1                0495H    0004H
  +--> ?PR?_MEMCOPY?MEM
  +--> ?PR?_COMM1SENDONEDATA?COMM1

?PR?_COMM2GETRECDATA?COMM2              048BH    0006H
  +--> ?PR?_MEMCOPY?MEM



SYMBOL TABLE OF MODULE:  .\Obj\PowerCtrl (MAIN)

  VALUE           TYPE          NAME
  ----------------------------------

  -------         MODULE        MAIN
  C:0000H         SYMBOL        _ICE_DUMMY_
  D:0080H         PUBLIC        P0
  D:0090H         PUBLIC        P1
  D:00A0H         PUBLIC        P2
  D:00B0H         PUBLIC        P3
  D:00C0H         PUBLIC        P4
  C:13C7H         PUBLIC        Timer0_IntService
  C:0C88H         PUBLIC        main
  X:04A2H         PUBLIC        count
BL51 BANKED LINKER/LOCATER V6.22                                                      06/17/2025  19:36:53  PAGE 6


  X:04A4H         PUBLIC        recArray
  X:04B8H         PUBLIC        recLen
  -------         PROC          MAIN
  -------         DO            
  X:048AH         SYMBOL        adcInx
  -------         ENDDO         
  C:0C88H         LINE#         15
  C:0C88H         LINE#         16
  C:0C88H         LINE#         17
  C:0C8DH         LINE#         18
  C:0C90H         LINE#         19
  C:0C93H         LINE#         20
  C:0CA0H         LINE#         21
  C:0CBFH         LINE#         22
  C:0CDEH         LINE#         24
  C:0CE1H         LINE#         25
  C:0CE4H         LINE#         26
  C:0CE7H         LINE#         27
  C:0CEAH         LINE#         29
  C:0CEAH         LINE#         30
  C:0CEAH         LINE#         31
  C:0CEDH         LINE#         32
  C:0CF0H         LINE#         33
  C:0D0AH         LINE#         34
  C:0D0AH         LINE#         35
  C:0D18H         LINE#         36
  C:0D18H         LINE#         37
  -------         ENDPROC       MAIN
  -------         PROC          TIMER0_INTSERVICE
  C:13C7H         LINE#         48
  C:13C7H         LINE#         49
  C:13C7H         LINE#         50
  C:13D5H         LINE#         51
  C:13D8H         LINE#         52
  C:13DBH         LINE#         53
  C:13DEH         LINE#         54
  C:13EAH         LINE#         55
  C:13EAH         LINE#         56
  C:13EFH         LINE#         57
  C:13EFH         LINE#         58
  C:1400H         LINE#         59
  C:1400H         LINE#         60
  C:1405H         LINE#         61
  C:140CH         LINE#         62
  C:140CH         LINE#         63
  -------         ENDPROC       TIMER0_INTSERVICE
  -------         ENDMOD        MAIN

  -------         MODULE        MODBUS
  C:0000H         SYMBOL        _ICE_DUMMY_
  D:0080H         PUBLIC        P0
  D:0090H         PUBLIC        P1
  D:00A0H         PUBLIC        P2
  D:00B0H         PUBLIC        P3
  D:00C0H         PUBLIC        P4
  C:1320H         SYMBOL        _PushSofewareVer
  C:0909H         SYMBOL        _ModBusDecode
BL51 BANKED LINKER/LOCATER V6.22                                                      06/17/2025  19:36:53  PAGE 7


  C:1374H         PUBLIC        ModBusService
  X:039CH         SYMBOL        sendArray
  X:0400H         SYMBOL        recArray
  C:002EH         PUBLIC        _ControlOutVol
  C:0A30H         SYMBOL        _PushRunInfo
  -------         PROC          MODBUSSERVICE
  -------         DO            
  X:048BH         SYMBOL        recLen
  -------         ENDDO         
  C:1374H         LINE#         47
  C:1374H         LINE#         48
  C:1374H         LINE#         49
  C:1379H         LINE#         50
  C:1392H         LINE#         51
  C:1392H         LINE#         52
  C:13A0H         LINE#         53
  C:13B1H         LINE#         54
  C:13B1H         LINE#         55
  C:13B8H         LINE#         56
  C:13B8H         LINE#         57
  C:13C6H         LINE#         58
  C:13C6H         LINE#         59
  C:13C6H         LINE#         60
  C:13C6H         LINE#         61
  -------         ENDPROC       MODBUSSERVICE
  -------         PROC          _MODBUSDECODE
  X:048CH         SYMBOL        mbdata
  X:048FH         SYMBOL        dataLen
  -------         DO            
  X:048FH         SYMBOL        cmd
  X:0490H         SYMBOL        sendLen
  X:0491H         SYMBOL        regAdd
  -------         DO            
  X:0493H         SYMBOL        outVol
  -------         ENDDO         
  -------         ENDDO         
  C:0909H         LINE#         64
  C:0914H         LINE#         65
  C:0914H         LINE#         66
  C:0917H         LINE#         67
  C:0919H         LINE#         68
  C:091DH         LINE#         70
  C:0932H         LINE#         71
  C:0932H         LINE#         72
  C:094AH         LINE#         74
  C:0952H         LINE#         75
  C:0952H         LINE#         76
  C:095EH         LINE#         77
  C:095EH         LINE#         78
  C:0974H         LINE#         79
  C:0977H         LINE#         80
  C:0986H         LINE#         81
  C:0986H         LINE#         82
  C:099CH         LINE#         83
  C:099CH         LINE#         84
  C:099EH         LINE#         85
  C:09A6H         LINE#         86
BL51 BANKED LINKER/LOCATER V6.22                                                      06/17/2025  19:36:53  PAGE 8


  C:09A6H         LINE#         87
  C:09B4H         LINE#         88
  C:09B4H         LINE#         89
  C:09BAH         LINE#         90
  C:09D0H         LINE#         92
  C:09F3H         LINE#         93
  C:09F9H         LINE#         94
  C:09F9H         LINE#         95
  C:0A01H         LINE#         96
  C:0A03H         LINE#         98
  C:0A03H         LINE#         99
  C:0A09H         LINE#         100
  C:0A09H         LINE#         101
  C:0A09H         LINE#         102
  C:0A09H         LINE#         105
  C:0A12H         LINE#         106
  C:0A12H         LINE#         107
  C:0A16H         LINE#         108
  C:0A21H         LINE#         109
  C:0A2FH         LINE#         110
  C:0A2FH         LINE#         111
  -------         ENDPROC       _MODBUSDECODE
  -------         PROC          _PUSHRUNINFO
  X:0495H         SYMBOL        outData
  X:0498H         SYMBOL        dataLen
  -------         DO            
  X:049BH         SYMBOL        i
  X:049CH         SYMBOL        inx
  X:049DH         SYMBOL        av
  -------         ENDDO         
  C:0A30H         LINE#         114
  C:0A3BH         LINE#         115
  C:0A3BH         LINE#         116
  C:0A40H         LINE#         117
  C:0A42H         LINE#         118
  C:0A46H         LINE#         119
  C:0A62H         LINE#         120
  C:0A73H         LINE#         121
  C:0A79H         LINE#         123
  C:0A86H         LINE#         124
  C:0AA4H         LINE#         126
  C:0AB3H         LINE#         127
  C:0AB3H         LINE#         128
  C:0ABEH         LINE#         129
  C:0AE3H         LINE#         130
  C:0AF5H         LINE#         131
  C:0AFDH         LINE#         133
  C:0B17H         LINE#         134
  -------         ENDPROC       _PUSHRUNINFO
  -------         PROC          _PUSHSOFEWAREVER
  X:0495H         SYMBOL        outData
  X:0498H         SYMBOL        dataLen
  -------         DO            
  D:0007H         SYMBOL        inx
  -------         ENDDO         
  C:1320H         LINE#         138
  C:132BH         LINE#         139
BL51 BANKED LINKER/LOCATER V6.22                                                      06/17/2025  19:36:53  PAGE 9


  C:132BH         LINE#         140
  C:132DH         LINE#         141
  C:1341H         LINE#         142
  C:134AH         LINE#         143
  C:134BH         LINE#         146
  C:1354H         LINE#         147
  C:135CH         LINE#         149
  C:1365H         LINE#         150
  -------         ENDPROC       _PUSHSOFEWAREVER
  -------         PROC          _CONTROLOUTVOL
  X:0495H         SYMBOL        outData
  X:0498H         SYMBOL        dataLen
  -------         DO            
  D:0007H         SYMBOL        inx
  -------         ENDDO         
  C:002EH         LINE#         154
  C:0039H         LINE#         155
  C:0039H         LINE#         156
  C:003BH         LINE#         157
  C:004FH         LINE#         158
  C:0058H         LINE#         161
  C:0061H         LINE#         162
  C:006AH         LINE#         165
  C:0072H         LINE#         166
  C:007BH         LINE#         167
  -------         ENDPROC       _CONTROLOUTVOL
  -------         ENDMOD        MODBUS

  -------         MODULE        DELAY
  C:0000H         SYMBOL        _ICE_DUMMY_
  -------         ENDMOD        DELAY

  -------         MODULE        COMM1
  C:0000H         SYMBOL        _ICE_DUMMY_
  D:0080H         PUBLIC        P0
  D:0090H         PUBLIC        P1
  D:00A0H         PUBLIC        P2
  D:00B0H         PUBLIC        P3
  D:00C0H         PUBLIC        P4
  C:1519H         PUBLIC        Comm1SendOneDataOK
  X:0200H         SYMBOL        Comm1Struct
  C:0F35H         PUBLIC        _Comm1SendData
  C:1567H         PUBLIC        Comm1Tick
  C:16A3H         PUBLIC        Comm1Init
  C:000EH         SYMBOL        Comm1StructInit
  C:16A0H         SYMBOL        _Comm1SendOneData
  C:11B1H         PUBLIC        _Comm1GetRecData
  C:1451H         PUBLIC        _Comm1RecOneData
  -------         PROC          COMM1STRUCTINIT
  C:000EH         LINE#         9
  C:000EH         LINE#         10
  C:000EH         LINE#         11
  C:0013H         LINE#         12
  C:0015H         LINE#         13
  C:0017H         LINE#         14
  C:001BH         LINE#         15
  C:001DH         LINE#         16
BL51 BANKED LINKER/LOCATER V6.22                                                      06/17/2025  19:36:53  PAGE 10


  C:0021H         LINE#         17
  -------         ENDPROC       COMM1STRUCTINIT
  -------         PROC          _COMM1SENDONEDATA
  D:0007H         SYMBOL        dataIn
  C:16A0H         LINE#         20
  C:16A0H         LINE#         21
  C:16A0H         LINE#         22
  -------         ENDPROC       _COMM1SENDONEDATA
  -------         PROC          COMM1SENDONEDATAOK
  -------         DO            
  D:0007H         SYMBOL        send
  -------         ENDDO         
  C:1519H         LINE#         26
  C:1519H         LINE#         27
  C:1519H         LINE#         28
  C:1519H         LINE#         29
  C:151FH         LINE#         30
  C:152BH         LINE#         31
  C:152BH         LINE#         32
  C:1537H         LINE#         33
  C:153AH         LINE#         34
  C:153AH         LINE#         36
  C:153AH         LINE#         38
  C:153FH         LINE#         39
  C:153FH         LINE#         40
  -------         ENDPROC       COMM1SENDONEDATAOK
  -------         PROC          COMM1INIT
  C:16A3H         LINE#         49
  C:16A3H         LINE#         50
  C:16A3H         LINE#         51
  -------         ENDPROC       COMM1INIT
  -------         PROC          _COMM1SENDDATA
  X:0495H         SYMBOL        dataIn
  D:0005H         SYMBOL        dataLen
  -------         DO            
  X:0498H         SYMBOL        sendLen
  -------         ENDDO         
  C:0F35H         LINE#         55
  C:0F40H         LINE#         56
  C:0F40H         LINE#         57
  C:0F43H         LINE#         58
  C:0F47H         LINE#         59
  C:0F49H         LINE#         61
  C:0F4FH         LINE#         62
  C:0F52H         LINE#         64
  C:0F5BH         LINE#         65
  C:0F60H         LINE#         67
  C:0F62H         LINE#         69
  C:0F8DH         LINE#         70
  C:0F92H         LINE#         71
  C:0F9AH         LINE#         72
  C:0FA0H         LINE#         73
  C:0FA8H         LINE#         75
  C:0FAAH         LINE#         76
  -------         ENDPROC       _COMM1SENDDATA
  -------         PROC          COMM1TICK
  C:1567H         LINE#         79
BL51 BANKED LINKER/LOCATER V6.22                                                      06/17/2025  19:36:53  PAGE 11


  C:1567H         LINE#         80
  C:1567H         LINE#         81
  C:156EH         LINE#         82
  C:156EH         LINE#         83
  C:1574H         LINE#         84
  C:157AH         LINE#         85
  C:157AH         LINE#         86
  C:1580H         LINE#         87
  C:1585H         LINE#         88
  C:158BH         LINE#         89
  C:158BH         LINE#         90
  C:158BH         LINE#         91
  -------         ENDPROC       COMM1TICK
  -------         PROC          _COMM1RECONEDATA
  D:0007H         SYMBOL        recData
  -------         DO            
  D:0006H         SYMBOL        inx
  -------         ENDDO         
  C:1451H         LINE#         95
  C:1451H         LINE#         96
  C:1451H         LINE#         97
  C:1451H         LINE#         98
  C:1455H         LINE#         99
  C:1460H         LINE#         100
  C:1466H         LINE#         101
  C:146BH         LINE#         103
  C:1475H         LINE#         104
  C:1475H         LINE#         105
  C:1478H         LINE#         106
  C:147DH         LINE#         107
  C:1483H         LINE#         108
  C:1484H         LINE#         110
  C:1484H         LINE#         111
  C:148AH         LINE#         112
  C:148AH         LINE#         113
  -------         ENDPROC       _COMM1RECONEDATA
  -------         PROC          _COMM1GETRECDATA
  X:048CH         SYMBOL        dataIn
  X:048FH         SYMBOL        dataLen
  -------         DO            
  D:0007H         SYMBOL        recLen
  -------         ENDDO         
  C:11B1H         LINE#         116
  C:11BCH         LINE#         117
  C:11BCH         LINE#         118
  C:11BEH         LINE#         119
  C:11C2H         LINE#         120
  C:11C3H         LINE#         122
  C:11CBH         LINE#         123
  C:11CEH         LINE#         125
  C:11D4H         LINE#         126
  C:11E3H         LINE#         127
  C:1205H         LINE#         129
  C:120AH         LINE#         131
  C:120CH         LINE#         132
  -------         ENDPROC       _COMM1GETRECDATA
  -------         ENDMOD        COMM1
BL51 BANKED LINKER/LOCATER V6.22                                                      06/17/2025  19:36:53  PAGE 12



  -------         MODULE        MEM
  C:0000H         SYMBOL        _ICE_DUMMY_
  C:12C5H         PUBLIC        _MemCopy
  -------         PROC          _MEMCOPY
  X:0499H         SYMBOL        goal
  X:049CH         SYMBOL        source
  X:049FH         SYMBOL        dataLen
  -------         DO            
  D:0006H         SYMBOL        i
  -------         ENDDO         
  C:12C5H         LINE#         5
  C:12D0H         LINE#         6
  C:12D0H         LINE#         7
  C:12D3H         LINE#         8
  C:12E6H         LINE#         9
  C:12E6H         LINE#         10
  C:1304H         LINE#         11
  C:130EH         LINE#         12
  C:1318H         LINE#         13
  C:131FH         LINE#         14
  -------         ENDPROC       _MEMCOPY
  -------         ENDMOD        MEM

  -------         MODULE        COMM2
  C:0000H         SYMBOL        _ICE_DUMMY_
  D:0080H         PUBLIC        P0
  D:0090H         PUBLIC        P1
  D:00A0H         PUBLIC        P2
  D:00B0H         PUBLIC        P3
  D:00C0H         PUBLIC        P4
  C:1540H         PUBLIC        Comm2SendOneDataOK
  X:02CEH         SYMBOL        Comm2Struct
  C:0FABH         PUBLIC        _Comm2SendData
  C:158CH         PUBLIC        Comm2Tick
  C:16A9H         PUBLIC        Comm2Init
  C:166DH         SYMBOL        Comm2StructInit
  C:16A6H         SYMBOL        _Comm2SendOneData
  C:120DH         PUBLIC        _Comm2GetRecData
  C:148BH         PUBLIC        _Comm2RecOneData
  -------         PROC          COMM2STRUCTINIT
  C:166DH         LINE#         9
  C:166DH         LINE#         10
  C:166DH         LINE#         11
  C:1672H         LINE#         12
  C:1674H         LINE#         13
  C:1676H         LINE#         14
  C:167AH         LINE#         15
  C:167CH         LINE#         16
  C:1680H         LINE#         17
  -------         ENDPROC       COMM2STRUCTINIT
  -------         PROC          _COMM2SENDONEDATA
  D:0007H         SYMBOL        dataIn
  C:16A6H         LINE#         20
  C:16A6H         LINE#         21
  C:16A6H         LINE#         22
  -------         ENDPROC       _COMM2SENDONEDATA
BL51 BANKED LINKER/LOCATER V6.22                                                      06/17/2025  19:36:53  PAGE 13


  -------         PROC          COMM2SENDONEDATAOK
  -------         DO            
  D:0007H         SYMBOL        send
  -------         ENDDO         
  C:1540H         LINE#         26
  C:1540H         LINE#         27
  C:1540H         LINE#         28
  C:1540H         LINE#         29
  C:1546H         LINE#         30
  C:1552H         LINE#         31
  C:1552H         LINE#         32
  C:155EH         LINE#         33
  C:1561H         LINE#         34
  C:1561H         LINE#         36
  C:1561H         LINE#         38
  C:1566H         LINE#         39
  C:1566H         LINE#         40
  -------         ENDPROC       COMM2SENDONEDATAOK
  -------         PROC          COMM2INIT
  C:16A9H         LINE#         49
  C:16A9H         LINE#         50
  C:16A9H         LINE#         51
  -------         ENDPROC       COMM2INIT
  -------         PROC          _COMM2SENDDATA
  X:048CH         SYMBOL        dataIn
  D:0005H         SYMBOL        dataLen
  -------         DO            
  X:048FH         SYMBOL        sendLen
  -------         ENDDO         
  C:0FABH         LINE#         55
  C:0FB6H         LINE#         56
  C:0FB6H         LINE#         57
  C:0FB9H         LINE#         58
  C:0FBDH         LINE#         59
  C:0FBFH         LINE#         61
  C:0FC5H         LINE#         62
  C:0FC8H         LINE#         64
  C:0FD1H         LINE#         65
  C:0FD6H         LINE#         67
  C:0FD8H         LINE#         69
  C:1003H         LINE#         70
  C:1008H         LINE#         71
  C:1010H         LINE#         72
  C:1016H         LINE#         73
  C:101EH         LINE#         75
  C:1020H         LINE#         76
  -------         ENDPROC       _COMM2SENDDATA
  -------         PROC          COMM2TICK
  C:158CH         LINE#         79
  C:158CH         LINE#         80
  C:158CH         LINE#         81
  C:1593H         LINE#         82
  C:1593H         LINE#         83
  C:1599H         LINE#         84
  C:159FH         LINE#         85
  C:159FH         LINE#         86
  C:15A5H         LINE#         87
BL51 BANKED LINKER/LOCATER V6.22                                                      06/17/2025  19:36:53  PAGE 14


  C:15AAH         LINE#         88
  C:15B0H         LINE#         89
  C:15B0H         LINE#         90
  C:15B0H         LINE#         91
  -------         ENDPROC       COMM2TICK
  -------         PROC          _COMM2RECONEDATA
  D:0007H         SYMBOL        recData
  -------         DO            
  D:0006H         SYMBOL        inx
  -------         ENDDO         
  C:148BH         LINE#         95
  C:148BH         LINE#         96
  C:148BH         LINE#         97
  C:148BH         LINE#         98
  C:148FH         LINE#         99
  C:149AH         LINE#         100
  C:14A0H         LINE#         101
  C:14A5H         LINE#         103
  C:14AFH         LINE#         104
  C:14AFH         LINE#         105
  C:14B2H         LINE#         106
  C:14B7H         LINE#         107
  C:14BDH         LINE#         108
  C:14BEH         LINE#         110
  C:14BEH         LINE#         111
  C:14C4H         LINE#         112
  C:14C4H         LINE#         113
  -------         ENDPROC       _COMM2RECONEDATA
  -------         PROC          _COMM2GETRECDATA
  X:048BH         SYMBOL        dataIn
  X:048EH         SYMBOL        dataLen
  -------         DO            
  D:0007H         SYMBOL        recLen
  -------         ENDDO         
  C:120DH         LINE#         116
  C:1218H         LINE#         117
  C:1218H         LINE#         118
  C:121AH         LINE#         119
  C:121EH         LINE#         120
  C:121FH         LINE#         122
  C:1227H         LINE#         123
  C:122AH         LINE#         125
  C:1230H         LINE#         126
  C:123FH         LINE#         127
  C:1261H         LINE#         129
  C:1266H         LINE#         131
  C:1268H         LINE#         132
  -------         ENDPROC       _COMM2GETRECDATA
  -------         ENDMOD        COMM2

  -------         MODULE        DAC7311
  C:0000H         SYMBOL        _ICE_DUMMY_
  D:0080H         PUBLIC        P0
  D:0090H         PUBLIC        P1
  D:00A0H         PUBLIC        P2
  D:00B0H         PUBLIC        P3
  D:00C0H         PUBLIC        P4
BL51 BANKED LINKER/LOCATER V6.22                                                      06/17/2025  19:36:53  PAGE 15


  C:1269H         PUBLIC        _WriteDAC
  -------         PROC          _WRITEDAC
  D:0006H         SYMBOL        dacData
  -------         DO            
  X:0495H         SYMBOL        i
  X:0496H         SYMBOL        temp
  -------         ENDDO         
  C:1269H         LINE#         4
  C:1269H         LINE#         5
  C:1269H         LINE#         8
  C:127CH         LINE#         9
  C:1281H         LINE#         13
  C:1286H         LINE#         14
  C:128BH         LINE#         15
  C:128BH         LINE#         16
  C:1290H         LINE#         17
  C:129AH         LINE#         18
  C:129FH         LINE#         20
  C:129FH         LINE#         21
  C:12A2H         LINE#         22
  C:12A2H         LINE#         24
  C:12A7H         LINE#         26
  C:12B4H         LINE#         27
  C:12C0H         LINE#         28
  -------         ENDPROC       _WRITEDAC
  -------         ENDMOD        DAC7311

  -------         MODULE        MODBUSCRC
  C:0000H         SYMBOL        _ICE_DUMMY_
  C:0EB3H         PUBLIC        _ModBus_CalCRC16
  X:0000H         SYMBOL        crc16_table
  C:0DA6H         PUBLIC        _CheckArray
  C:0E30H         PUBLIC        _ArrayAddCheck
  -------         PROC          _MODBUS_CALCRC16
  X:049BH         SYMBOL        dataIn
  X:049EH         SYMBOL        length
  -------         DO            
  X:049FH         SYMBOL        i
  X:04A0H         SYMBOL        crc
  -------         ENDDO         
  C:0EB3H         LINE#         40
  C:0EC3H         LINE#         41
  C:0EC3H         LINE#         42
  C:0EC8H         LINE#         43
  C:0ECEH         LINE#         45
  C:0ED2H         LINE#         46
  C:0ED5H         LINE#         48
  C:0EE6H         LINE#         49
  C:0EE6H         LINE#         50
  C:0F24H         LINE#         51
  C:0F2CH         LINE#         52
  C:0F34H         LINE#         53
  -------         ENDPROC       _MODBUS_CALCRC16
  -------         PROC          _CHECKARRAY
  X:048CH         SYMBOL        dataIn
  X:048FH         SYMBOL        length
  -------         DO            
BL51 BANKED LINKER/LOCATER V6.22                                                      06/17/2025  19:36:53  PAGE 16


  X:0490H         SYMBOL        crcCal
  D:0006H         SYMBOL        crcIn
  -------         ENDDO         
  C:0DA6H         LINE#         89
  C:0DB6H         LINE#         90
  C:0DB6H         LINE#         91
  C:0DBDH         LINE#         92
  C:0DBFH         LINE#         94
  C:0DC3H         LINE#         95
  C:0DC4H         LINE#         97
  C:0DCEH         LINE#         98
  C:0DD1H         LINE#         100
  C:0DEBH         LINE#         101
  C:0E09H         LINE#         102
  C:0E1EH         LINE#         104
  C:0E2AH         LINE#         105
  C:0E2DH         LINE#         107
  C:0E2FH         LINE#         108
  -------         ENDPROC       _CHECKARRAY
  -------         PROC          _ARRAYADDCHECK
  X:0495H         SYMBOL        dataIn
  X:0498H         SYMBOL        length
  -------         DO            
  X:0499H         SYMBOL        crcCal
  -------         ENDDO         
  C:0E30H         LINE#         111
  C:0E3EH         LINE#         112
  C:0E3EH         LINE#         113
  C:0E43H         LINE#         115
  C:0E49H         LINE#         116
  C:0E4CH         LINE#         117
  C:0E57H         LINE#         118
  C:0E59H         LINE#         120
  C:0E74H         LINE#         121
  C:0E97H         LINE#         122
  C:0EB0H         LINE#         124
  C:0EB2H         LINE#         125
  -------         ENDPROC       _ARRAYADDCHECK
  -------         ENDMOD        MODBUSCRC

  -------         MODULE        MEASURE
  C:0000H         SYMBOL        _ICE_DUMMY_
  D:0080H         PUBLIC        P0
  D:0090H         PUBLIC        P1
  D:00A0H         PUBLIC        P2
  C:1690H         PUBLIC        MeasureGetTempAlarm
  D:00B0H         PUBLIC        P3
  D:00C0H         PUBLIC        P4
  C:07CEH         SYMBOL        MeasureAllVal
  X:0464H         SYMBOL        VolToAnalogCoeff
  C:1696H         PUBLIC        MeasureGetDacEn
  X:0478H         SYMBOL        tickCount
  C:1651H         PUBLIC        _MeasureGetAnalog
  X:0479H         SYMBOL        ADC_ChIndex
  X:047EH         SYMBOL        MeasureStruct
  C:0003H         PUBLIC        MeasureTick
  C:1681H         PUBLIC        MeasureTask
BL51 BANKED LINKER/LOCATER V6.22                                                      06/17/2025  19:36:53  PAGE 17


  C:14F0H         PUBLIC        MeasureInit
  -------         PROC          MEASUREINIT
  -------         DO            
  D:0005H         SYMBOL        i
  -------         ENDDO         
  C:14F0H         LINE#         27
  C:14F0H         LINE#         28
  C:14F0H         LINE#         29
  C:14F2H         LINE#         30
  C:14F6H         LINE#         31
  C:14F8H         LINE#         33
  C:14F8H         LINE#         34
  C:14F8H         LINE#         35
  C:1513H         LINE#         36
  C:1518H         LINE#         37
  -------         ENDPROC       MEASUREINIT
  -------         PROC          MEASUREALLVAL
  -------         DO            
  X:048BH         SYMBOL        i
  X:048CH         SYMBOL        adcInx
  X:048DH         SYMBOL        val
  X:048FH         SYMBOL        adcVol
  X:0493H         SYMBOL        coeff
  X:0497H         SYMBOL        analog
  -------         ENDDO         
  C:07CEH         LINE#         49
  C:07CEH         LINE#         50
  C:07CEH         LINE#         51
  C:07D3H         LINE#         52
  C:07D5H         LINE#         53
  C:07D9H         LINE#         54
  C:07E1H         LINE#         55
  C:07EBH         LINE#         56
  C:07F5H         LINE#         58
  C:07FDH         LINE#         59
  C:0804H         LINE#         61
  C:0809H         LINE#         64
  C:0811H         LINE#         65
  C:0818H         LINE#         67
  C:081DH         LINE#         69
  C:0822H         LINE#         70
  C:0822H         LINE#         71
  C:083CH         LINE#         72
  C:0866H         LINE#         73
  C:0873H         LINE#         74
  C:0894H         LINE#         75
  C:08C3H         LINE#         76
  C:08F7H         LINE#         77
  C:0908H         LINE#         78
  -------         ENDPROC       MEASUREALLVAL
  -------         PROC          MEASURETICK
  C:0003H         LINE#         81
  C:0003H         LINE#         82
  C:0003H         LINE#         83
  C:0009H         LINE#         84
  -------         ENDPROC       MEASURETICK
  -------         PROC          MEASURETASK
BL51 BANKED LINKER/LOCATER V6.22                                                      06/17/2025  19:36:53  PAGE 18


  C:1681H         LINE#         87
  C:1681H         LINE#         88
  C:1681H         LINE#         89
  C:168AH         LINE#         90
  C:168AH         LINE#         91
  C:168CH         LINE#         92
  C:168FH         LINE#         93
  C:168FH         LINE#         94
  -------         ENDPROC       MEASURETASK
  -------         PROC          MEASUREGETTEMPALARM
  C:1690H         LINE#         97
  C:1690H         LINE#         98
  C:1690H         LINE#         99
  C:1695H         LINE#         100
  -------         ENDPROC       MEASUREGETTEMPALARM
  -------         PROC          MEASUREGETDACEN
  C:1696H         LINE#         103
  C:1696H         LINE#         104
  C:1696H         LINE#         105
  C:169BH         LINE#         106
  -------         ENDPROC       MEASUREGETDACEN
  -------         PROC          _MEASUREGETANALOG
  D:0007H         SYMBOL        index
  C:1651H         LINE#         108
  C:1651H         LINE#         109
  C:1651H         LINE#         110
  C:1657H         LINE#         111
  C:165BH         LINE#         113
  C:166CH         LINE#         114
  -------         ENDPROC       _MEASUREGETANALOG
  -------         ENDMOD        MEASURE

  -------         MODULE        DEBUG
  C:0000H         SYMBOL        _ICE_DUMMY_
  C:16ACH         PUBLIC        _PrintfArray
  -------         PROC          _PRINTFARRAY
  D:0001H         SYMBOL        dataIn
  D:0005H         SYMBOL        dataLen
  C:16ACH         LINE#         4
  C:16ACH         LINE#         5
  C:16ACH         LINE#         6
  -------         ENDPROC       _PRINTFARRAY
  -------         ENDMOD        DEBUG

  -------         MODULE        DRIVE
  C:0000H         SYMBOL        _ICE_DUMMY_
  D:0080H         PUBLIC        P0
  D:0090H         PUBLIC        P1
  D:00A0H         PUBLIC        P2
  D:00B0H         PUBLIC        P3
  D:00C0H         PUBLIC        P4
  B:00A8H.7       PUBLIC        EA
  D:00BAH         PUBLIC        P_SW2
  C:16AFH         PUBLIC        DriveInit
  C:169CH         PUBLIC        DisableXdata
  C:0026H         PUBLIC        EnableXdata
  C:16B2H         PUBLIC        EnableInt
BL51 BANKED LINKER/LOCATER V6.22                                                      06/17/2025  19:36:53  PAGE 19


  -------         PROC          DRIVEINIT
  C:16AFH         LINE#         4
  C:16AFH         LINE#         5
  C:16AFH         LINE#         6
  -------         ENDPROC       DRIVEINIT
  -------         PROC          ENABLEINT
  C:16B2H         LINE#         10
  C:16B2H         LINE#         11
  C:16B2H         LINE#         12
  C:16B4H         LINE#         13
  -------         ENDPROC       ENABLEINT
  -------         PROC          ENABLEXDATA
  C:0026H         LINE#         23
  C:0026H         LINE#         24
  C:0026H         LINE#         25
  C:0029H         LINE#         26
  -------         ENDPROC       ENABLEXDATA
  -------         PROC          DISABLEXDATA
  C:169CH         LINE#         29
  C:169CH         LINE#         30
  C:169CH         LINE#         31
  C:169FH         LINE#         32
  -------         ENDPROC       DISABLEXDATA
  -------         ENDMOD        DRIVE

  -------         MODULE        TIMER0
  C:0000H         SYMBOL        _ICE_DUMMY_
  C:140DH         PUBLIC        timer0_int
  X:04D5H         PUBLIC        fIntCallBack
  C:1021H         PUBLIC        _Timer0_Init
  D:0089H         PUBLIC        TMOD
  D:008EH         PUBLIC        AUXR
  B:00A8H.1       PUBLIC        ET0
  D:008CH         PUBLIC        TH0
  D:008AH         PUBLIC        TL0
  B:0088H.4       PUBLIC        TR0
  D:008FH         PUBLIC        INT_CLKO
  -------         PROC          _TIMER0_INIT
  X:048BH         SYMBOL        reload
  X:048DH         SYMBOL        fCallBack
  C:1021H         LINE#         12
  C:1032H         LINE#         13
  C:1032H         LINE#         14
  C:1034H         LINE#         15
  C:1036H         LINE#         16
  C:1039H         LINE#         18
  C:103CH         LINE#         19
  C:103FH         LINE#         21
  C:1042H         LINE#         22
  C:1065H         LINE#         23
  C:1071H         LINE#         25
  C:1073H         LINE#         27
  C:1086H         LINE#         28
  -------         ENDPROC       _TIMER0_INIT
  -------         PROC          TIMER0_INT
  C:140DH         LINE#         30
  C:142AH         LINE#         32
BL51 BANKED LINKER/LOCATER V6.22                                                      06/17/2025  19:36:53  PAGE 20


  C:1436H         LINE#         33
  -------         ENDPROC       TIMER0_INT
  -------         ENDMOD        TIMER0

  -------         MODULE        UART3
  C:0000H         SYMBOL        _ICE_DUMMY_
  C:16B5H         PUBLIC        _UART3_SendOneData
  D:0093H         PUBLIC        P0M1
  D:0080H         PUBLIC        P0
  D:0090H         PUBLIC        P1
  D:00A0H         PUBLIC        P2
  D:00B0H         PUBLIC        P3
  D:00C0H         PUBLIC        P4
  X:04C9H         SYMBOL        funRecOneData
  D:00BAH         PUBLIC        P_SW2
  C:0BE0H         PUBLIC        _UART3_Config
  X:04CCH         SYMBOL        funSendOneDataOk
  D:00AFH         PUBLIC        IE2
  D:00D4H         PUBLIC        T3H
  D:00D5H         PUBLIC        T3L
  D:00D1H         PUBLIC        T4T3M
  D:00ADH         PUBLIC        S3BUF
  D:00ACH         PUBLIC        S3CON
  C:1087H         PUBLIC        UART3_Int
  D:0094H         PUBLIC        P0M0
  -------         PROC          _UART3_CONFIG
  X:048BH         SYMBOL        baudRate
  X:048FH         SYMBOL        fSend
  X:0492H         SYMBOL        fRec
  -------         DO            
  X:0495H         SYMBOL        reload
  -------         ENDDO         
  C:0BE0H         LINE#         15
  C:0BF1H         LINE#         16
  C:0BF1H         LINE#         17
  C:0BFBH         LINE#         18
  C:0C28H         LINE#         20
  C:0C2BH         LINE#         21
  C:0C44H         LINE#         22
  C:0C4EH         LINE#         23
  C:0C51H         LINE#         25
  C:0C54H         LINE#         28
  C:0C5AH         LINE#         29
  C:0C5DH         LINE#         34
  C:0C72H         LINE#         35
  C:0C87H         LINE#         36
  -------         ENDPROC       _UART3_CONFIG
  -------         PROC          UART3_INT
  -------         DO            
  D:0007H         SYMBOL        recData
  -------         ENDDO         
  C:1087H         LINE#         47
  C:10A4H         LINE#         49
  C:10A4H         LINE#         50
  C:10A9H         LINE#         51
  C:10A9H         LINE#         52
  C:10ACH         LINE#         53
BL51 BANKED LINKER/LOCATER V6.22                                                      06/17/2025  19:36:53  PAGE 21


  C:10AEH         LINE#         54
  C:10BDH         LINE#         55
  C:10BDH         LINE#         57
  C:10C2H         LINE#         58
  C:10C2H         LINE#         59
  C:10C5H         LINE#         60
  C:10D1H         LINE#         61
  C:10D1H         LINE#         62
  -------         ENDPROC       UART3_INT
  -------         PROC          _UART3_SENDONEDATA
  D:0007H         SYMBOL        dataIn
  C:16B5H         LINE#         65
  C:16B5H         LINE#         66
  C:16B5H         LINE#         67
  C:16B7H         LINE#         68
  -------         ENDPROC       _UART3_SENDONEDATA
  -------         ENDMOD        UART3

  -------         MODULE        IO
  C:0000H         SYMBOL        _ICE_DUMMY_
  C:15D3H         PUBLIC        _GPIO_OutLow
  D:0093H         PUBLIC        P0M1
  D:0080H         PUBLIC        P0
  D:0096H         PUBLIC        P2M0
  D:0090H         PUBLIC        P1
  D:00B2H         PUBLIC        P3M0
  D:0095H         PUBLIC        P2M1
  D:00A0H         PUBLIC        P2
  D:00B1H         PUBLIC        P3M1
  D:00B0H         PUBLIC        P3
  D:00C0H         PUBLIC        P4
  C:14C5H         PUBLIC        GPIO_Init
  B:00A0H.2       PUBLIC        P22
  B:00A0H.3       PUBLIC        P23
  B:00A0H.4       PUBLIC        P24
  B:0080H.6       PUBLIC        P06
  B:00A0H.5       PUBLIC        P25
  B:0080H.7       PUBLIC        P07
  B:00B0H.5       PUBLIC        P35
  C:15B1H         PUBLIC        _GPIO_OutHigh
  C:1617H         PUBLIC        _GPIO_GetIn
  D:0094H         PUBLIC        P0M0
  -------         PROC          GPIO_INIT
  C:14C5H         LINE#         19
  C:14C5H         LINE#         20
  C:14C5H         LINE#         22
  C:14CBH         LINE#         23
  C:14D1H         LINE#         24
  C:14D7H         LINE#         25
  C:14DDH         LINE#         26
  C:14E3H         LINE#         29
  C:14E9H         LINE#         30
  C:14EFH         LINE#         32
  -------         ENDPROC       GPIO_INIT
  -------         PROC          _GPIO_OUTHIGH
  D:0007H         SYMBOL        gpioName
  C:15B1H         LINE#         35
BL51 BANKED LINKER/LOCATER V6.22                                                      06/17/2025  19:36:53  PAGE 22


  C:15B1H         LINE#         36
  C:15B1H         LINE#         37
  C:15B4H         LINE#         38
  C:15B7H         LINE#         39
  C:15BBH         LINE#         40
  C:15BEH         LINE#         41
  C:15C2H         LINE#         42
  C:15C5H         LINE#         43
  C:15C9H         LINE#         44
  C:15CCH         LINE#         45
  C:15D0H         LINE#         46
  C:15D2H         LINE#         47
  -------         ENDPROC       _GPIO_OUTHIGH
  -------         PROC          _GPIO_OUTLOW
  D:0007H         SYMBOL        gpioName
  C:15D3H         LINE#         50
  C:15D3H         LINE#         51
  C:15D3H         LINE#         52
  C:15D6H         LINE#         53
  C:15D9H         LINE#         54
  C:15DDH         LINE#         55
  C:15E0H         LINE#         56
  C:15E4H         LINE#         57
  C:15E7H         LINE#         58
  C:15EBH         LINE#         59
  C:15EEH         LINE#         60
  C:15F2H         LINE#         61
  C:15F4H         LINE#         62
  -------         ENDPROC       _GPIO_OUTLOW
  -------         PROC          _GPIO_GETIN
  D:0007H         SYMBOL        gpioName
  C:1617H         LINE#         65
  C:1617H         LINE#         66
  C:1617H         LINE#         67
  C:161BH         LINE#         68
  C:161FH         LINE#         69
  C:1623H         LINE#         70
  C:1627H         LINE#         71
  C:162BH         LINE#         72
  C:1631H         LINE#         74
  C:1633H         LINE#         75
  -------         ENDPROC       _GPIO_GETIN
  -------         ENDMOD        IO

  -------         MODULE        ADC
  C:0000H         SYMBOL        _ICE_DUMMY_
  D:0092H         PUBLIC        P1M0
  D:0080H         PUBLIC        P0
  D:0091H         PUBLIC        P1M1
  D:0090H         PUBLIC        P1
  D:00A0H         PUBLIC        P2
  D:00B0H         PUBLIC        P3
  D:00C0H         PUBLIC        P4
  D:00A8H         PUBLIC        IE
  D:00BDH         PUBLIC        ADC_RES
  D:00DEH         PUBLIC        ADCCFG
  X:04B9H         PUBLIC        ADC_Result
BL51 BANKED LINKER/LOCATER V6.22                                                      06/17/2025  19:36:53  PAGE 23


  D:00BCH         PUBLIC        ADC_CONTR
  C:15F5H         PUBLIC        ADC_Init
  C:1634H         PUBLIC        _ADC_GetResult
  X:04C3H         PUBLIC        ADC_ChIndex
  C:1151H         PUBLIC        ADC_Int
  D:00BEH         PUBLIC        ADC_RESL
  X:04C4H         PUBLIC        ADC_ChVal
  -------         PROC          ADC_INIT
  C:15F5H         LINE#         16
  C:15F5H         LINE#         17
  C:15F5H         LINE#         19
  C:15FBH         LINE#         21
  C:15FEH         LINE#         22
  C:1604H         LINE#         23
  C:160AH         LINE#         24
  C:160DH         LINE#         26
  C:1610H         LINE#         27
  C:1613H         LINE#         28
  C:1616H         LINE#         29
  -------         ENDPROC       ADC_INIT
  -------         PROC          _ADC_GETRESULT
  D:0007H         SYMBOL        adcCh
  C:1634H         LINE#         32
  C:1634H         LINE#         33
  C:1634H         LINE#         34
  C:163AH         LINE#         35
  C:163FH         LINE#         37
  C:1650H         LINE#         38
  -------         ENDPROC       _ADC_GETRESULT
  -------         PROC          ADC_INT
  C:1151H         LINE#         41
  C:1164H         LINE#         43
  C:1167H         LINE#         44
  C:1183H         LINE#         47
  C:1189H         LINE#         48
  C:1191H         LINE#         49
  C:11A0H         LINE#         50
  -------         ENDPROC       ADC_INT
  -------         ENDMOD        ADC

  -------         MODULE        UART1
  C:0000H         SYMBOL        _ICE_DUMMY_
  D:0080H         PUBLIC        P0
  D:0090H         PUBLIC        P1
  D:00A0H         PUBLIC        P2
  D:00B0H         PUBLIC        P3
  D:00C0H         PUBLIC        P4
  D:00A2H         PUBLIC        P_SW1
  X:04CFH         SYMBOL        funS1RecOneData
  B:00A8H.4       PUBLIC        ES
  C:0B26H         PUBLIC        _UART1_Config
  D:0098H         PUBLIC        SCON
  D:0089H         PUBLIC        TMOD
  X:04D2H         SYMBOL        funS1SendOneDataOk
  D:008EH         PUBLIC        AUXR
  B:00A8H.3       PUBLIC        ET1
  D:008DH         PUBLIC        TH1
BL51 BANKED LINKER/LOCATER V6.22                                                      06/17/2025  19:36:53  PAGE 24


  D:008BH         PUBLIC        TL1
  B:0088H.6       PUBLIC        TR1
  D:0099H         PUBLIC        S1BUF
  B:0098H.4       PUBLIC        REN
  D:008FH         PUBLIC        INT_CLKO
  C:10ECH         PUBLIC        UART1_Int
  C:16B8H         PUBLIC        _UART1_SendOneData
  -------         PROC          _UART1_CONFIG
  X:048BH         SYMBOL        baudRate
  X:048FH         SYMBOL        fSend
  X:0492H         SYMBOL        fRec
  -------         DO            
  X:0495H         SYMBOL        reload
  -------         ENDDO         
  C:0B26H         LINE#         15
  C:0B37H         LINE#         16
  C:0B37H         LINE#         17
  C:0B41H         LINE#         18
  C:0B6EH         LINE#         20
  C:0B70H         LINE#         21
  C:0B73H         LINE#         22
  C:0B76H         LINE#         23
  C:0B79H         LINE#         24
  C:0B7CH         LINE#         25
  C:0B95H         LINE#         26
  C:0B9FH         LINE#         27
  C:0BA1H         LINE#         28
  C:0BA4H         LINE#         29
  C:0BA6H         LINE#         32
  C:0BAEH         LINE#         34
  C:0BB0H         LINE#         35
  C:0BB2H         LINE#         36
  C:0BB5H         LINE#         37
  C:0BB5H         LINE#         40
  C:0BCAH         LINE#         41
  C:0BDFH         LINE#         42
  -------         ENDPROC       _UART1_CONFIG
  -------         PROC          UART1_INT
  -------         DO            
  D:0007H         SYMBOL        recData
  -------         ENDDO         
  C:10ECH         LINE#         53
  C:1109H         LINE#         55
  C:1109H         LINE#         56
  C:110EH         LINE#         57
  C:110EH         LINE#         58
  C:1111H         LINE#         59
  C:1113H         LINE#         60
  C:1122H         LINE#         61
  C:1122H         LINE#         63
  C:1127H         LINE#         64
  C:1127H         LINE#         65
  C:112AH         LINE#         66
  C:1136H         LINE#         67
  C:1136H         LINE#         68
  -------         ENDPROC       UART1_INT
  -------         PROC          _UART1_SENDONEDATA
BL51 BANKED LINKER/LOCATER V6.22                                                      06/17/2025  19:36:53  PAGE 25


  D:0007H         SYMBOL        dataIn
  C:16B8H         LINE#         71
  C:16B8H         LINE#         72
  C:16B8H         LINE#         73
  C:16BAH         LINE#         74
  -------         ENDPROC       _UART1_SENDONEDATA
  -------         ENDMOD        UART1

  -------         MODULE        ?C?FPMUL
  C:008EH         PUBLIC        ?C?FPMUL
  -------         ENDMOD        ?C?FPMUL

  -------         MODULE        ?C?FPDIV
  C:0197H         PUBLIC        ?C?FPDIV
  -------         ENDMOD        ?C?FPDIV

  -------         MODULE        ?C?FCAST
  C:023EH         PUBLIC        ?C?FCASTC
  C:0239H         PUBLIC        ?C?FCASTI
  C:0234H         PUBLIC        ?C?FCASTL
  -------         ENDMOD        ?C?FCAST

  -------         MODULE        ?C?CASTF
  C:0272H         PUBLIC        ?C?CASTF
  -------         ENDMOD        ?C?CASTF

  -------         MODULE        ?C?CLDPTR
  C:02F3H         PUBLIC        ?C?CLDPTR
  -------         ENDMOD        ?C?CLDPTR

  -------         MODULE        ?C?CLDOPTR
  C:030CH         PUBLIC        ?C?CLDOPTR
  -------         ENDMOD        ?C?CLDOPTR

  -------         MODULE        ?C?CSTPTR
  C:0339H         PUBLIC        ?C?CSTPTR
  -------         ENDMOD        ?C?CSTPTR

  -------         MODULE        ?C?CSTOPTR
  C:034BH         PUBLIC        ?C?CSTOPTR
  -------         ENDMOD        ?C?CSTOPTR

  -------         MODULE        ?C?IILDX
  C:036DH         PUBLIC        ?C?IILDX
  -------         ENDMOD        ?C?IILDX

  -------         MODULE        ?C?ULDIV
  C:03BFH         PUBLIC        ?C?ULDIV
  -------         ENDMOD        ?C?ULDIV

  -------         MODULE        ?C?LNEG
  C:0451H         PUBLIC        ?C?LNEG
  -------         ENDMOD        ?C?LNEG

  -------         MODULE        ?C?LSTXDATA
  C:045FH         PUBLIC        ?C?LSTXDATA
  -------         ENDMOD        ?C?LSTXDATA
BL51 BANKED LINKER/LOCATER V6.22                                                      06/17/2025  19:36:53  PAGE 26



  -------         MODULE        ?C?LSTKXDATA
  C:046BH         PUBLIC        ?C?LSTKXDATA
  -------         ENDMOD        ?C?LSTKXDATA

  -------         MODULE        ?C?ICALL
  C:049CH         PUBLIC        ?C?ICALL
  C:04A0H         PUBLIC        ?C?ICALL2
  -------         ENDMOD        ?C?ICALL

Program Size: data=9.0 xdata=1240 code=5815
LINK/LOCATE RUN COMPLETE.  0 WARNING(S),  0 ERROR(S)
