C51 COMPILER V9.60.0.0   ADJUST                                                            03/26/2026 23:09:13 PAGE 1   


C51 COMPILER V9.60.0.0, COMPILATION OF MODULE ADJUST
OBJECT MODULE PLACED IN .\Obj\adjust.obj
COMPILER INVOKED BY: C:\Keil_v5\C51\BIN\C51.EXE Service\adjust.c LARGE OPTIMIZE(8,SPEED) BROWSE INCDIR(.\App;.\Drive;.\S
                    -ervice) DEBUG OBJECTEXTEND PRINT(.\List\adjust.lst) TABS(2) OBJECT(.\Obj\adjust.obj)

line level    source

   1          #include "adjust.h"
   2          
   3          //校准相关数据结构体
   4          AdjustManageType AdjustManage;
   5          
   6          AdjustDataType   AdjustData[enumAdjustNum];
   7          
   8          //获取是否完成校准
   9          unsigned char AdjustIsFinish(enumAdjustIndex index)
  10          {
  11   1        if(index >= enumAdjustNum)
  12   1        {
  13   2          return 0;
  14   2        }
  15   1      
  16   1        return AdjustManage.IsAdjust[index];
  17   1      }
  18          
  19          //获取校准日期
  20          unsigned char AdjustGetDate(enumAdjustIndex inx,DateStructType *date)
  21          {
  22   1        if(inx >= enumAdjustNum)
  23   1        {
  24   2          return 0;
  25   2        }
  26   1      
  27   1        //年月日
  28   1        date->Year = AdjustData[inx].AdjustDate.Year;
  29   1        date->Month = AdjustData[inx].AdjustDate.Month;
  30   1        date->Day = AdjustData[inx].AdjustDate.Day;
  31   1        //时分秒
  32   1        date->Hour = AdjustData[inx].AdjustDate.Hour;
  33   1        date->Min = AdjustData[inx].AdjustDate.Min;
  34   1        date->Sec = AdjustData[inx].AdjustDate.Sec;
  35   1        
  36   1        return 1;
  37   1      }
  38          
  39          //开始校准
  40          void AdjustStart(enumAdjustIndex inx)
  41          {
  42   1        char i = 0;
  43   1        int  arrayLen = 0;
  44   1      
  45   1        if(inx >= enumAdjustNum)
  46   1        {
  47   2          return ;
  48   2        }
  49   1      
  50   1        AdjustManage.WriteInx[inx] = 0;
  51   1      
  52   1        arrayLen = sizeof(AdjustData[0].Point) / sizeof(AdjustData[0].Point[0]);
  53   1        for(i = 0;i < arrayLen;i++)
  54   1        {
C51 COMPILER V9.60.0.0   ADJUST                                                            03/26/2026 23:09:13 PAGE 2   

  55   2          AdjustData[inx].Point[i].ValY = 0xFFFF;
  56   2          AdjustData[inx].Point[i].ValX = 0xFFFF;
  57   2        }
  58   1      }
  59          
  60          //开始读取校准数据
  61          void AdjustStartRead(enumAdjustIndex inx)
  62          {
  63   1        if(inx >= enumAdjustNum)
  64   1        {
  65   2          return ;
  66   2        }
  67   1      
  68   1        AdjustManage.ReadInx[inx] = 0;
  69   1      }
  70          
  71          //校准数据时，添加一个点的数据
  72          char AdjustAddPoint(enumAdjustIndex inx,AdjustPointType point)
  73          {
  74   1        char ip = 0;
  75   1        int  arrayLen = 0;
  76   1      
  77   1        if(inx >= enumAdjustNum)
  78   1        {
  79   2          return 0;
  80   2        }
  81   1      
  82   1        ip = AdjustManage.WriteInx[inx];
  83   1        arrayLen = sizeof(AdjustData[0].Point) / sizeof(AdjustData[0].Point[0]);
  84   1        if(ip >= arrayLen)
  85   1          return 0;
  86   1      
  87   1        AdjustData[inx].Point[ip].ValY = point.ValY;
  88   1        AdjustData[inx].Point[ip].ValX = point.ValX;
  89   1        AdjustManage.WriteInx[inx]++;
  90   1        return 1; 
  91   1      }
  92          
  93          //读取一个校准数据点
  94          char AdjustReadPoint(enumAdjustIndex inx,AdjustPointType *point)
  95          {
  96   1        char ip = 0;
  97   1        int  arrayLen = 0;
  98   1      
  99   1        if(inx >= enumAdjustNum)
 100   1        {
 101   2          return 0;
 102   2        }
 103   1      
 104   1        ip = AdjustManage.ReadInx[inx];
 105   1        arrayLen = sizeof(AdjustData[0].Point) / sizeof(AdjustData[0].Point[0]);
 106   1      
 107   1        if(ip < arrayLen)
 108   1        {
 109   2          point->ValY = AdjustData[inx].Point[ip].ValY; 
 110   2          point->ValX = AdjustData[inx].Point[ip].ValX;
 111   2          AdjustManage.ReadInx[inx]++;
 112   2          return 1;
 113   2        }
 114   1        else
 115   1        {
 116   2          point->ValY = 0xFFFF;
C51 COMPILER V9.60.0.0   ADJUST                                                            03/26/2026 23:09:13 PAGE 3   

 117   2          point->ValX   = 0xFFFF;
 118   2          return 2;
 119   2        }
 120   1      }
 121          
 122          //保存校准数据到EEPROM
 123          void SaveAdjustData(enumAdjustIndex inx,DateStructType date)
 124          {
 125   1        unsigned int eeAdd = 0;
 126   1      
 127   1        if(inx >= enumAdjustNum)
 128   1        {
 129   2          return;
 130   2        }
 131   1      
 132   1        eeAdd = EE_ADD_InPower + inx * 0x100;
 133   1      
 134   1        AdjustData[inx].Flag = 0x11 * (inx + 1);
 135   1        AdjustData[inx].AdjustDate.Year  = date.Year;
 136   1        AdjustData[inx].AdjustDate.Month = date.Month;
 137   1        AdjustData[inx].AdjustDate.Day   = date.Day;
 138   1        AdjustData[inx].AdjustDate.Hour  = date.Hour;
 139   1        AdjustData[inx].AdjustDate.Min   = date.Min;
 140   1        AdjustData[inx].AdjustDate.Sec   = date.Sec;
 141   1        ArrayAddCheck((u8 *)&AdjustData[inx],EE_SIZE_ADJ);
 142   1      
 143   1        if(inx % 2 == 0)  //偶数，写入当前数据和下一个校准数据
 144   1        {
 145   2          EEPROM_SectorErase(eeAdd);
 146   2          EEPROM_WriteBytes(eeAdd,(u8 *)&AdjustData[inx],EE_SIZE_ADJ);  //写入第一份数据
 147   2          eeAdd = eeAdd + EE_SIZE_ADJ;
 148   2          EEPROM_WriteBytes(eeAdd,(u8 *)&AdjustData[inx],EE_SIZE_ADJ);  //写入第二份数据
 149   2      
 150   2          eeAdd = eeAdd + EE_SIZE_ADJ;
 151   2          EEPROM_WriteBytes(eeAdd,(u8 *)&AdjustData[inx + 1],EE_SIZE_ADJ);  //写入第一份数据
 152   2          eeAdd = eeAdd + EE_SIZE_ADJ;
 153   2          EEPROM_WriteBytes(eeAdd,(u8 *)&AdjustData[inx + 1],EE_SIZE_ADJ);  //写入第二份数据
 154   2        }
 155   1        else       //偶数，写入上一个校准数据和当前数据
 156   1        {
 157   2          eeAdd = eeAdd - 0x100;
 158   2          EEPROM_SectorErase(eeAdd);
 159   2          EEPROM_WriteBytes(eeAdd,(u8 *)&AdjustData[inx - 1],EE_SIZE_ADJ);  //写入第一份数据
 160   2          eeAdd = eeAdd + EE_SIZE_ADJ;
 161   2          EEPROM_WriteBytes(eeAdd,(u8 *)&AdjustData[inx - 1],EE_SIZE_ADJ);  //写入第二份数据
 162   2      
 163   2          eeAdd = eeAdd + EE_SIZE_ADJ;
 164   2          EEPROM_WriteBytes(eeAdd,(u8 *)&AdjustData[inx],EE_SIZE_ADJ);  //写入第一份数据
 165   2          eeAdd = eeAdd + EE_SIZE_ADJ;
 166   2          EEPROM_WriteBytes(eeAdd,(u8 *)&AdjustData[inx],EE_SIZE_ADJ);  //写入第二份数据
 167   2        }
 168   1      }
 169          
 170          //从EEPROM中加载校准数据
 171          void LoadAdjustData(void)
 172          {
 173   1      #ifdef  DEBUG_ADJUST
                char i = 0;
                for(i = 0;i < 20;i++)
                {
                  AdjustData[0].Point[i].RealVal = 0x01 + i;
                  AdjustData[0].Point[i].ADVal = 0x11 + i;
C51 COMPILER V9.60.0.0   ADJUST                                                            03/26/2026 23:09:13 PAGE 4   

                  AdjustData[1].Point[i].RealVal = 0x02 + i;
                  AdjustData[1].Point[i].ADVal = 0x22 + i;
                  AdjustData[2].Point[i].RealVal = 0x03 + i;
                  AdjustData[2].Point[i].ADVal = 0x33 + i;
                }
              #else
 185   1        char i = 0;
 186   1        unsigned int eeAdd = 0;
 187   1        for(i = 0;i < enumAdjustNum;i++)
 188   1        {
 189   2          eeAdd = EE_ADD_InPower + i * 0x100;
 190   2          EEPROM_ReadBytes(eeAdd,  (u8 *)&AdjustData[i],EE_SIZE_ADJ);
 191   2          if(CheckArray((u8 *)&AdjustData[i],EE_SIZE_ADJ))
 192   2          {
 193   3            AdjustManage.IsAdjust[i] = 1;
 194   3          }
 195   2          else  //校验不过则读取备份数据
 196   2          {
 197   3            EEPROM_ReadBytes(eeAdd + EE_SIZE_ADJ,  (u8 *)&AdjustData[i],EE_SIZE_ADJ);
 198   3            if(CheckArray((u8 *)&AdjustData[i],EE_SIZE_ADJ))
 199   3            {
 200   4              AdjustManage.IsAdjust[i] = 2;
 201   4            }
 202   3            else
 203   3            {
 204   4              AdjustManage.IsAdjust[i] = 0;
 205   4            }
 206   3          }
 207   2        }
 208   1      #endif
 209   1      
 210   1      }
 211          
 212          //计算校准结果
 213          float GetAdjustResult(enumAdjustIndex inx,unsigned int input,char *err)
 214          {
 215   1        char i = 0;
 216   1        char findInx = 0;
 217   1        int  arrayLen = 0;
 218   1        int  pointNum = 0;
 219   1        float k = 0,b = 0;
 220   1      
 221   1        if(inx >= enumAdjustNum)
 222   1        {
 223   2          *err = 1;
 224   2          return 0;
 225   2        }
 226   1      
 227   1        //没有校准记录
 228   1        if(!AdjustManage.IsAdjust[inx])
 229   1        {
 230   2          *err = 2;
 231   2          return 0;
 232   2        }
 233   1      
 234   1        arrayLen = sizeof(AdjustData[0].Point) / sizeof(AdjustData[0].Point[0]);
 235   1        //统计有多少个校准点(0xFFFF表示没有校准)
 236   1        for(i = 0;i < arrayLen;i++)
 237   1        {
 238   2          if(AdjustData[inx].Point[i].ValX == 0xFFFF)
 239   2          {
 240   3            pointNum = i;
C51 COMPILER V9.60.0.0   ADJUST                                                            03/26/2026 23:09:13 PAGE 5   

 241   3            break;
 242   3          }
 243   2        }
 244   1        
 245   1        //校准点小于2，计算不了
 246   1        if(pointNum < 2)
 247   1        {
 248   2          *err = 3;
 249   2          return 0;
 250   2        }
 251   1        
 252   1        //如果小于最小的一个校准点，按正比处理
 253   1        if(input < AdjustData[inx].Point[0].ValX)
 254   1        {
 255   2          float k = (float)AdjustData[inx].Point[0].ValY / AdjustData[inx].Point[0].ValX;
 256   2          *err = 0;
 257   2          return (k * input);
 258   2        } 
 259   1      
 260   1        //找到区间
 261   1        for(i = 0;i < pointNum;i++)
 262   1        {
 263   2          if(AdjustData[inx].Point[i].ValX > input)
 264   2          {
 265   3            findInx = i;
 266   3            break;
 267   3          }
 268   2        }
 269   1      
 270   1        //如果大于最大一个校准点，按最后两个校准点直线校准
 271   1        if(findInx == 0)
 272   1        {
 273   2          findInx = pointNum - 1;
 274   2        }
 275   1      
 276   1        //区间为(findInx - 1)和(findInx)之间
 277   1        {
 278   2          //y1 = k * x1 + b;
 279   2          //y2 = k * x2 + b;
 280   2          unsigned int x1 = AdjustData[inx].Point[findInx - 1].ValX;
 281   2          unsigned int y1 = AdjustData[inx].Point[findInx - 1].ValY; 
 282   2          unsigned int x2 = AdjustData[inx].Point[findInx].ValX;
 283   2          unsigned int y2 = AdjustData[inx].Point[findInx].ValY;
 284   2          k = (float)(y2 - y1)/(x2 - x1);
 285   2          b = y1 - k * x1;
 286   2        }
 287   1      
 288   1        *err = 0;
 289   1        return (k * input + b);
 290   1      }
 291          
 292          


MODULE INFORMATION:   STATIC OVERLAYABLE
   CODE SIZE        =   2629    ----
   CONSTANT SIZE    =   ----    ----
   XDATA SIZE       =   1932      50
   PDATA SIZE       =   ----    ----
   DATA SIZE        =   ----    ----
   IDATA SIZE       =   ----    ----
   BIT SIZE         =   ----    ----
C51 COMPILER V9.60.0.0   ADJUST                                                            03/26/2026 23:09:13 PAGE 6   

END OF MODULE INFORMATION.


C51 COMPILATION COMPLETE.  0 WARNING(S),  0 ERROR(S)
