C51 COMPILER V9.60.0.0   COMM2                                                             03/26/2026 23:09:12 PAGE 1   


C51 COMPILER V9.60.0.0, COMPILATION OF MODULE COMM2
OBJECT MODULE PLACED IN .\Obj\comm2.obj
COMPILER INVOKED BY: C:\Keil_v5\C51\BIN\C51.EXE Service\comm2.c LARGE OPTIMIZE(8,SPEED) BROWSE INCDIR(.\App;.\Drive;.\Se
                    -rvice) DEBUG OBJECTEXTEND PRINT(.\List\comm2.lst) TABS(2) OBJECT(.\Obj\comm2.obj)

line level    source

   1          #include "comm2.h"
   2          #include "uart1.h"
   3          
   4          //打印调试口，使用资源UART1
   5          
   6          static xdata Comm2StructType Comm2Struct;
   7          
   8          //结构体初始化
   9          static void Comm2StructInit(void)
  10          {
  11   1          Comm2Struct.ComState = enumIdle;
  12   1          Comm2Struct.SendInx = 0;
  13   1          Comm2Struct.SendNum = 0;
  14   1          Comm2Struct.RecInx = 0;
  15   1          Comm2Struct.RecCount = 0;
  16   1        Comm2Struct.IdleCount = 0;
  17   1      }
  18          
  19          //发送一个字节
  20          static void Comm2SendOneData(unsigned char dataIn)
  21          {
  22   1          UART1_SendOneData(dataIn);
  23   1      }
  24          
  25          //发送完成一个字节回调函数(由发送完成中断调用)
  26          void Comm2SendOneDataOK(void)
  27          {
  28   1          unsigned char send = 0;
  29   1          Comm2Struct.SendInx++;
  30   1          if(Comm2Struct.SendInx < Comm2Struct.SendNum)
  31   1          {
  32   2              send = Comm2Struct.SendArray[Comm2Struct.SendInx];
  33   2              Comm2SendOneData(send);
  34   2          }
  35   1          else
  36   1          {
  37   2              //Comm2Struct.ComState = enumSended;
  38   2          Comm2Struct.ComState = enumIdle;
  39   2          }
  40   1      }
  41          
  42          //========================================================================
  43          // 函数: void   Comm2Init(void)
  44          // 描述: Comm2Init初始化函数.
  45          // 参数: none.
  46          // 返回: none.
  47          // 版本: V1.0, 2025-6-4
  48          //========================================================================
  49          void Comm2Init(void)
  50          {
  51   1          Comm2StructInit();
  52   1      }
  53          
  54          //发送一个数组
C51 COMPILER V9.60.0.0   COMM2                                                             03/26/2026 23:09:12 PAGE 2   

  55          unsigned char Comm2SendData(unsigned char *dataIn,unsigned char dataLen)
  56          {
  57   1          unsigned char xdata sendLen = 0;
  58   1          if(dataIn == 0)
  59   1              return 0;
  60   1      
  61   1          if(Comm2Struct.ComState != enumIdle)
  62   1              return 0;    
  63   1      
  64   1          if(dataLen > MAX_LEN_SEND_COMM2)
  65   1              sendLen = MAX_LEN_SEND_COMM2;
  66   1          else
  67   1              sendLen = dataLen;
  68   1      
  69   1          MemCopy(Comm2Struct.SendArray,dataIn,sendLen);
  70   1          Comm2Struct.SendInx = 0;
  71   1          Comm2Struct.SendNum = sendLen;
  72   1          Comm2Struct.ComState = enumSending;
  73   1          Comm2SendOneData(Comm2Struct.SendArray[0]);
  74   1      
  75   1        return 1;
  76   1      }
  77          
  78          //1ms周期调用函数
  79          void Comm2Tick(void)
  80          {
  81   1        //接收数据完成处理
  82   1        if(Comm2Struct.ComState == enumReceiving)
  83   1        {
  84   2          //收到数据时会清零
  85   2          Comm2Struct.IdleCount++;
  86   2      
  87   2          //超过一定时间没收到数据，认为接收数据完成
  88   2          if(Comm2Struct.IdleCount >= REC_FRAME_DELAY)
  89   2          {
  90   3            Comm2Struct.RecCount = Comm2Struct.RecInx;
  91   3            Comm2Struct.RecInx = 0;
  92   3            Comm2Struct.ComState = enumReceived;
  93   3          }
  94   2        }
  95   1      }
  96          
  97          
  98          //接收到一个字节
  99          void Comm2RecOneData(unsigned char recData)
 100          {
 101   1          unsigned char xdata inx = 0;
 102   1          inx = Comm2Struct.RecInx;
 103   1          Comm2Struct.RecArray[inx] = recData;
 104   1          Comm2Struct.RecInx++;
 105   1        Comm2Struct.IdleCount = 0;
 106   1      
 107   1        //防止数据溢出
 108   1        if(Comm2Struct.RecInx >= MAX_LEN_REC_COMM2)
 109   1        {
 110   2          Comm2Struct.RecCount = Comm2Struct.RecInx;
 111   2          Comm2Struct.RecInx = 0;
 112   2          Comm2Struct.ComState = enumReceived;
 113   2        }
 114   1        else
 115   1        {
 116   2          Comm2Struct.ComState = enumReceiving;
C51 COMPILER V9.60.0.0   COMM2                                                             03/26/2026 23:09:12 PAGE 3   

 117   2        }
 118   1      }
 119          
 120          //获取接收数据
 121          //unsigned char Comm2GetRecData(unsigned char *dataIn,unsigned char *dataLen)
 122          //{
 123          //    unsigned char xdata recLen = 0;
 124          //    if(dataIn == 0)
 125          //        return 0;
 126          //
 127          //    if(Comm2Struct.ComState != enumReceived)
 128          //        return 0;
 129          //
 130          //    recLen = Comm2Struct.RecCount;
 131          //    *dataLen = Comm2Struct.RecCount;
 132          //    MemCopy(dataIn,Comm2Struct.RecArray,recLen);    
 133          //
 134          //    Comm2Struct.ComState = enumIdle;
 135          //
 136          //  return 1;
 137          //}
 138          


MODULE INFORMATION:   STATIC OVERLAYABLE
   CODE SIZE        =    291    ----
   CONSTANT SIZE    =   ----    ----
   XDATA SIZE       =    206       4
   PDATA SIZE       =   ----    ----
   DATA SIZE        =   ----    ----
   IDATA SIZE       =   ----    ----
   BIT SIZE         =   ----    ----
END OF MODULE INFORMATION.


C51 COMPILATION COMPLETE.  0 WARNING(S),  0 ERROR(S)
