C51 COMPILER V9.60.0.0   DAC7311                                                           03/26/2026 23:09:13 PAGE 1   


C51 COMPILER V9.60.0.0, COMPILATION OF MODULE DAC7311
OBJECT MODULE PLACED IN .\Obj\dac7311.obj
COMPILER INVOKED BY: C:\Keil_v5\C51\BIN\C51.EXE Service\dac7311.c LARGE OPTIMIZE(8,SPEED) BROWSE INCDIR(.\App;.\Drive;.\
                    -Service) DEBUG OBJECTEXTEND PRINT(.\List\dac7311.lst) TABS(2) OBJECT(.\Obj\dac7311.obj)

line level    source

   1          #include "dac7311.h"
   2          
   3          static unsigned int OutputDAC = 0x00;
   4          
   5          //向DAC7311写数据
   6          void  WriteDAC(unsigned int dacData)
   7          {
   8   1        unsigned char i;
   9   1        unsigned int temp;
  10   1      
  11   1        dacData = dacData & 0x0FFF;
  12   1        OutputDAC = dacData;
  13   1        temp = dacData << 2;
  14   1        GPIO_OutHigh(enumSYNC);
  15   1        ;;;
  16   1        ;;;
  17   1        ;;;
  18   1        GPIO_OutLow(enumSYNC);
  19   1        for(i = 0;i < 16;i++)
  20   1        {
  21   2          GPIO_OutHigh(enumSCLK);
  22   2          if(temp & 0x8000)
  23   2            GPIO_OutHigh(enumDIN);
  24   2          else
  25   2          {
  26   3            GPIO_OutLow(enumDIN);
  27   3          }
  28   2          ;;;
  29   2          GPIO_OutLow(enumSCLK);
  30   2          ;;;
  31   2          temp = temp << 1;   
  32   2        }
  33   1        GPIO_OutHigh(enumSYNC); 
  34   1      }
  35          
  36          //输出功率
  37          void OutputPower(float power)
  38          {
  39   1        unsigned int dac = 0x00;
  40   1        dac = power / MAX_VAL_POWER * MAX_VAL_DAC;
  41   1        WriteDAC(dac);
  42   1      }
  43          
  44          //获取正在输出的DAC值
  45          unsigned int GetOutputDAC(void)
  46          {
  47   1        return OutputDAC;
  48   1      }
  49          
  50          //1ms调用一次
  51          int DacTick = 0;
  52          void DAC7311Tick(void)
  53          {
  54   1        DacTick++;
C51 COMPILER V9.60.0.0   DAC7311                                                           03/26/2026 23:09:13 PAGE 2   

  55   1      //  if(!MeasureGetDacEn())
  56   1      //  {
  57   1      //    if(OutputDAC != 0)
  58   1      //    {
  59   1      //      WriteDAC(0x00);
  60   1      //    }
  61   1      //    else if(DacTick >= 5000)
  62   1      //    {
  63   1      //      DacTick = 0;
  64   1      //      WriteDAC(0x00);
  65   1      //    }
  66   1      //  }
  67   1      
  68   1        if(DacTick >= 10000)
  69   1        {
  70   2          DacTick = 0;
  71   2        }
  72   1      }
  73          
  74          /*
  75          //向DAC7311写数据
  76          void  WriteDAC(uint dacdata1)
  77          {
  78            uchar i;
  79            uint temp;
  80            temp=dacdata1<<2;
  81            SBIT_SYNC=1;
  82            Delaynop(1);
  83            SBIT_SYNC=0;
  84            for(i=0;i<16;i++)
  85            {
  86              SBIT_SCLK=1;
  87              if(temp&0x8000)
  88                SBIT_DIN=1;
  89              else
  90                SBIT_DIN=0;
  91              //Delaynop(1);
  92              SBIT_SCLK=0;
  93              //Delaynop(1);
  94              temp=temp<<1;   
  95            }
  96            SBIT_SYNC=1;  
  97          }
  98          
  99          */
 100          


MODULE INFORMATION:   STATIC OVERLAYABLE
   CODE SIZE        =    203    ----
   CONSTANT SIZE    =   ----    ----
   XDATA SIZE       =      4       7
   PDATA SIZE       =   ----    ----
   DATA SIZE        =   ----    ----
   IDATA SIZE       =   ----    ----
   BIT SIZE         =   ----    ----
END OF MODULE INFORMATION.


C51 COMPILATION COMPLETE.  0 WARNING(S),  0 ERROR(S)
