C51 COMPILER V9.60.0.0   DEBUG                                                             03/26/2026 23:09:13 PAGE 1   


C51 COMPILER V9.60.0.0, COMPILATION OF MODULE DEBUG
OBJECT MODULE PLACED IN .\Obj\debug.obj
COMPILER INVOKED BY: C:\Keil_v5\C51\BIN\C51.EXE Service\debug.c LARGE OPTIMIZE(8,SPEED) BROWSE INCDIR(.\App;.\Drive;.\Se
                    -rvice) DEBUG OBJECTEXTEND PRINT(.\List\debug.lst) TABS(2) OBJECT(.\Obj\debug.obj)

line level    source

   1          #include "debug.h"
   2          
   3          //打印一个数组
   4          void PrintfArray(unsigned char *dataIn,unsigned char dataLen)
   5          {
   6   1        Comm2SendData(dataIn,dataLen);  
   7   1      }
   8          
   9          //打印AD采样结果
  10          void PrintfAD_Result(void)
  11          {
  12   1      //  char adcInx = 0;
  13   1      //  unsigned int adc[ADC_NUM] = {0};
  14   1      //  unsigned char ptADC[80] = {0};
  15   1      //
  16   1      //  for(adcInx = 0;adcInx < ADC_NUM;adcInx++)
  17   1      //  {
  18   1      //    adc[adcInx] = ADC_GetResult(adcInx);
  19   1      //  }
  20   1      //  sprintf(ptADC,"ADC[0]=%d,[1]=%d,[2]=%d,[3]=%d,[4]=%d\r\n",
  21   1      //        adc[0],adc[1],adc[2],adc[3],adc[4]);
  22   1      //
  23   1      //  Comm2SendData(ptADC,sizeof(ptADC));
  24   1      }
  25          


MODULE INFORMATION:   STATIC OVERLAYABLE
   CODE SIZE        =      4    ----
   CONSTANT SIZE    =   ----    ----
   XDATA SIZE       =   ----    ----
   PDATA SIZE       =   ----    ----
   DATA SIZE        =   ----    ----
   IDATA SIZE       =   ----    ----
   BIT SIZE         =   ----    ----
END OF MODULE INFORMATION.


C51 COMPILATION COMPLETE.  0 WARNING(S),  0 ERROR(S)
