C51 COMPILER V9.60.0.0   DELAY                                                             03/26/2026 23:09:12 PAGE 1   


C51 COMPILER V9.60.0.0, COMPILATION OF MODULE DELAY
OBJECT MODULE PLACED IN .\Obj\delay.obj
COMPILER INVOKED BY: C:\Keil_v5\C51\BIN\C51.EXE Service\delay.c LARGE OPTIMIZE(8,SPEED) BROWSE INCDIR(.\App;.\Drive;.\Se
                    -rvice) DEBUG OBJECTEXTEND PRINT(.\List\delay.lst) TABS(2) OBJECT(.\Obj\delay.obj)

line level    source

   1          #include "delay.h"
   2          
   3          void delay_ms(char ms)
   4          {
   5   1           int i;
   6   1           do{
   7   2                i = MAIN_Fosc / 10000;
   8   2                while(--i);   //10T per loop
   9   2           }while(--ms);
  10   1      }
  11          
  12          //上电闪烁指示
  13          void PowerOnFlash(void)
  14          {
  15   1        char i = 0;
  16   1        for(i = 0;i < 10;i++)
  17   1        {
  18   2          GPIO_OutHigh(enumLED);
  19   2          delay_ms(150);
  20   2          GPIO_OutLow(enumLED);
  21   2          delay_ms(50);
  22   2        }
  23   1      }


MODULE INFORMATION:   STATIC OVERLAYABLE
   CODE SIZE        =     71    ----
   CONSTANT SIZE    =   ----    ----
   XDATA SIZE       =   ----       1
   PDATA SIZE       =   ----    ----
   DATA SIZE        =   ----    ----
   IDATA SIZE       =   ----    ----
   BIT SIZE         =   ----    ----
END OF MODULE INFORMATION.


C51 COMPILATION COMPLETE.  0 WARNING(S),  0 ERROR(S)
