C51 COMPILER V9.60.0.0   DRIVE                                                             03/26/2026 23:09:13 PAGE 1   


C51 COMPILER V9.60.0.0, COMPILATION OF MODULE DRIVE
OBJECT MODULE PLACED IN .\Obj\drive.obj
COMPILER INVOKED BY: C:\Keil_v5\C51\BIN\C51.EXE Drive\drive.c LARGE OPTIMIZE(8,SPEED) BROWSE INCDIR(.\App;.\Drive;.\Serv
                    -ice) DEBUG OBJECTEXTEND PRINT(.\List\drive.lst) TABS(2) OBJECT(.\Obj\drive.obj)

line level    source

   1          #include "drive.h"
   2          
   3          //初始化
   4          void DriveInit(void)
   5          {
   6   1        GPIO_Init();
   7   1      }
   8          
   9          //打开中断
  10          void EnableInt(void)
  11          {
  12   1         EA = 1;     //打开总中断
  13   1      }
  14          
  15          
  16          //关闭中断
  17          //void DisableInt(void)
  18          //{
  19          //   EA = 0;     //关闭总中断
  20          //}
  21          
  22          //使能访问外部数据
  23          void EnableXdata(void)
  24          {
  25   1        P_SW2 |= 0x80;
  26   1      }
  27          
  28          //关闭访问外部数据
  29          void DisableXdata(void)
  30          {
  31   1        P_SW2 &= 0x7f;
  32   1      }


MODULE INFORMATION:   STATIC OVERLAYABLE
   CODE SIZE        =     14    ----
   CONSTANT SIZE    =   ----    ----
   XDATA SIZE       =   ----    ----
   PDATA SIZE       =   ----    ----
   DATA SIZE        =   ----    ----
   IDATA SIZE       =   ----    ----
   BIT SIZE         =   ----    ----
END OF MODULE INFORMATION.


C51 COMPILATION COMPLETE.  0 WARNING(S),  0 ERROR(S)
