C51 COMPILER V9.60.0.0   MAIN                                                              03/26/2026 23:09:11 PAGE 1   


C51 COMPILER V9.60.0.0, COMPILATION OF MODULE MAIN
OBJECT MODULE PLACED IN .\Obj\main.obj
COMPILER INVOKED BY: C:\Keil_v5\C51\BIN\C51.EXE App\main.c LARGE OPTIMIZE(8,SPEED) BROWSE INCDIR(.\App;.\Drive;.\Service
                    -) DEBUG OBJECTEXTEND PRINT(.\List\main.lst) TABS(2) OBJECT(.\Obj\main.obj)

line level    source

   1          #include "drive.h"
   2          #include "delay.h"
   3          #include "comm1.h"
   4          #include "comm2.h"
   5          #include "stdio.h"
   6          #include "modbusCRC.h"
   7          #include "measure.h"
   8          #include "modbus.h"
   9          #include "dac7311.h"
  10          #include "adjust.h"
  11          #include "led.h"
  12          
  13          char Timer0Flag = 0;
  14          void Timer0_IntService(void);
  15          void Timer0_Service(void);
  16          
  17          unsigned char recLen = 0;
  18          unsigned char xdata recArray[100] = {0};
  19          
  20          void main(void)
  21          {
  22   1        char i = 0;
  23   1        char adcInx = 0;
  24   1          DriveInit();
  25   1        EnableInt();
  26   1        //配置定时器0，每1ms中断一次
  27   1        Timer0_Init(US2RELOAD(1000),Timer0_IntService);
  28   1        //串口3初始化，用于实现Comm1(485通信)
  29   1        UART3_Config(9600,Comm1SendOneDataOK,Comm1RecOneData);
  30   1        //串口1初始化，用于实现Comm2(打印调试口)
  31   1        UART1_Config(115200,Comm2SendOneDataOK,Comm2RecOneData);
  32   1      
  33   1        Comm1Init();   //Comm1初始化
  34   1        Comm2Init();   //Comm2初始化
  35   1        ADC_Init();    //ADC初始化，采集5个通道
  36   1        MeasureInit(); //模拟量采集初始化
  37   1        PowerOnFlash();
  38   1        WatchDogInit(enumReset1050ms);
  39   1        LoadAdjustData();
  40   1      
  41   1        while(1)
  42   1        {
  43   2          MeasureTask();     //模拟量采集的任务函数
  44   2          ModBusService();   //485通信服务函数
  45   2          LED_Task();      //LED点灯任务
  46   2      //      if(Comm2GetRecData(recArray,&recLen))
  47   2      //    {
  48   2      //      Comm2SendData(recArray,recLen);
  49   2      //    }
  50   2          if(Timer0Flag)
  51   2          {
  52   3            Timer0Flag = 0;
  53   3            Timer0_Service();
  54   3            FeedWatchDog();    //喂狗
C51 COMPILER V9.60.0.0   MAIN                                                              03/26/2026 23:09:11 PAGE 2   

  55   3          }
  56   2        }
  57   1      }
  58          
  59          //========================================================================
  60          // 函数: void Timer0_IntService (void)
  61          // 描述: timer0中断回调函数(用于添加应用代码)
  62          // 参数: none.
  63          // 返回: none.
  64          // 版本: V1.0, 2025-6-14
  65          //========================================================================
  66          void Timer0_IntService(void)
  67          {
  68   1         Timer0Flag = 1;
  69   1      }
  70          
  71          int count;
  72          void Timer0_Service (void)
  73          {
  74   1        count++;
  75   1        Comm1Tick();
  76   1        Comm2Tick();
  77   1        MeasureTick();
  78   1        DAC7311Tick();
  79   1        if(count == 500)
  80   1        {
  81   2          GPIO_OutHigh(enumLED);
  82   2        }
  83   1        else if(count >= 900)
  84   1        {
  85   2          GPIO_OutLow(enumLED);
  86   2          count = 0;
  87   2        }
  88   1      }


MODULE INFORMATION:   STATIC OVERLAYABLE
   CODE SIZE        =    216    ----
   CONSTANT SIZE    =   ----    ----
   XDATA SIZE       =    104       2
   PDATA SIZE       =   ----    ----
   DATA SIZE        =   ----    ----
   IDATA SIZE       =   ----    ----
   BIT SIZE         =   ----    ----
END OF MODULE INFORMATION.


C51 COMPILATION COMPLETE.  0 WARNING(S),  0 ERROR(S)
