C51 COMPILER V9.60.0.0   MEM                                                               03/26/2026 23:09:12 PAGE 1   


C51 COMPILER V9.60.0.0, COMPILATION OF MODULE MEM
OBJECT MODULE PLACED IN .\Obj\mem.obj
COMPILER INVOKED BY: C:\Keil_v5\C51\BIN\C51.EXE Service\mem.c LARGE OPTIMIZE(8,SPEED) BROWSE INCDIR(.\App;.\Drive;.\Serv
                    -ice) DEBUG OBJECTEXTEND PRINT(.\List\mem.lst) TABS(2) OBJECT(.\Obj\mem.obj)

line level    source

   1          #include "mem.h"
   2          
   3          
   4          //ÄÚ´æ¸´ÖÆ
   5          void MemCopy(unsigned char *goal,unsigned char *source,int dataLen)
   6          {
   7   1          int i = 0;
   8   1          for(i = 0;i < dataLen;i++)
   9   1          {
  10   2              *goal = *source;
  11   2              goal++;
  12   2              source++;
  13   2          }
  14   1      }
  15          
  16          
  17          


MODULE INFORMATION:   STATIC OVERLAYABLE
   CODE SIZE        =     91    ----
   CONSTANT SIZE    =   ----    ----
   XDATA SIZE       =   ----       8
   PDATA SIZE       =   ----    ----
   DATA SIZE        =   ----    ----
   IDATA SIZE       =   ----    ----
   BIT SIZE         =   ----    ----
END OF MODULE INFORMATION.


C51 COMPILATION COMPLETE.  0 WARNING(S),  0 ERROR(S)
