C51 COMPILER V9.60.0.0   WATCHDOG                                                          03/26/2026 23:09:14 PAGE 1   


C51 COMPILER V9.60.0.0, COMPILATION OF MODULE WATCHDOG
OBJECT MODULE PLACED IN .\Obj\watchdog.obj
COMPILER INVOKED BY: C:\Keil_v5\C51\BIN\C51.EXE Drive\watchdog.c LARGE OPTIMIZE(8,SPEED) BROWSE INCDIR(.\App;.\Drive;.\S
                    -ervice) DEBUG OBJECTEXTEND PRINT(.\List\watchdog.lst) TABS(2) OBJECT(.\Obj\watchdog.obj)

line level    source

   1          #include "watchdog.h"
   2          
   3          //看门狗初始化
   4          void WatchDogInit(enumWDTResetTime resetTime)
   5          {
   6   1        unsigned char regVal = 0x00;
   7   1        regVal |= SET_BIT5;   //使能
   8   1        regVal |= resetTime;
   9   1        WDT_CONTR = regVal;
  10   1      }
  11          
  12          //喂狗
  13          void FeedWatchDog(void)
  14          {
  15   1        unsigned char regVal = 0x00;
  16   1        regVal |= SET_BIT4;   //清除计数
  17   1        WDT_CONTR = regVal;
  18   1      }


MODULE INFORMATION:   STATIC OVERLAYABLE
   CODE SIZE        =     11    ----
   CONSTANT SIZE    =   ----    ----
   XDATA SIZE       =   ----    ----
   PDATA SIZE       =   ----    ----
   DATA SIZE        =   ----    ----
   IDATA SIZE       =   ----    ----
   BIT SIZE         =   ----    ----
END OF MODULE INFORMATION.


C51 COMPILATION COMPLETE.  0 WARNING(S),  0 ERROR(S)
